smxfinal_av3_exact_s1        step     1  fit 8.1737  val 8.2127  density 0.5503  1s
smxfinal_av3_exact_s1        step   500  fit 3.0749  val 3.0750  density 0.5478  7s
smxfinal_av3_exact_s1        step  1000  fit 2.8810  val 2.8820  density 0.5473  14s
smxfinal_av3_exact_s1        step  1500  fit 2.7217  val 2.7119  density 0.5460  21s
smxfinal_av3_exact_s1        step  2000  fit 2.5669  val 2.5795  density 0.5460  28s
smxfinal_av3_exact_s1        step  2500  fit 2.5194  val 2.5220  density 0.5458  35s
smxfinal_av3_exact_s1        step  3000  fit 2.4608  val 2.4755  density 0.5438  41s
smxfinal_av3_exact_s1        step  3500  fit 2.4599  val 2.4717  density 0.5433  48s
smxfinal_av3_exact_s1        step  4000  fit 2.4073  val 2.4029  density 0.5427  55s
smxfinal_av3_exact_s1        step  4500  fit 2.4027  val 2.4039  density 0.5415  62s
smxfinal_av3_exact_s1        step  5000  fit 2.3871  val 2.3911  density 0.5406  68s
smxfinal_av3_exact_s1        step  5500  fit 2.3762  val 2.3802  density 0.5401  75s
smxfinal_av3_exact_s1        step  6000  fit 2.3731  val 2.3652  density 0.5384  82s
smxfinal_av3_exact_s1        step  6500  fit 2.3495  val 2.3638  density 0.5387  89s
smxfinal_av3_exact_s1        step  7000  fit 2.3270  val 2.3327  density 0.5363  95s
smxfinal_av3_exact_s1        step  7500  fit 2.3128  val 2.3188  density 0.5355  102s
smxfinal_av3_exact_s1        step  8000  fit 2.3073  val 2.3152  density 0.5350  108s
smxfinal_av3_exact_s1        step  8500  fit 2.3116  val 2.3062  density 0.5343  115s
smxfinal_av3_exact_s1        step  9000  fit 2.2700  val 2.2673  density 0.5339  122s
smxfinal_av3_exact_s1        step  9500  fit 2.3142  val 2.3188  density 0.5327  129s
smxfinal_av3_exact_s1        step 10000  fit 2.2909  val 2.2943  density 0.5322  135s
smxfinal_av3_exact_s1        step 10500  fit 2.2978  val 2.2815  density 0.5309  142s
smxfinal_av3_exact_s1        step 11000  fit 2.2956  val 2.2937  density 0.5312  148s
smxfinal_av3_exact_s1        step 11500  fit 2.2785  val 2.2719  density 0.5313  155s
smxfinal_av3_exact_s1        step 12000  fit 2.2938  val 2.3040  density 0.5300  162s
smxfinal_av3_exact_s1        step 12500  fit 2.2649  val 2.2738  density 0.5288  169s
smxfinal_av3_exact_s1        step 13000  fit 2.2697  val 2.2905  density 0.5292  175s
smxfinal_av3_exact_s1        step 13500  fit 2.2773  val 2.2693  density 0.5290  182s
smxfinal_av3_exact_s1        step 14000  fit 2.3333  val 2.3275  density 0.5286  189s
smxfinal_av3_exact_s1        step 14500  fit 2.2392  val 2.2462  density 0.5283  195s
smxfinal_av3_exact_s1        step 15000  fit 2.2642  val 2.2628  density 0.5293  202s
smxfinal_av3_exact_s1        step 15500  fit 2.2706  val 2.2649  density 0.5262  209s
smxfinal_av3_exact_s1        step 16000  fit 2.2946  val 2.2761  density 0.5267  216s
smxfinal_av3_exact_s1        step 16500  fit 2.2681  val 2.2709  density 0.5253  222s
smxfinal_av3_exact_s1        step 17000  fit 2.2294  val 2.2338  density 0.5247  229s
smxfinal_av3_exact_s1        step 17500  fit 2.2407  val 2.2429  density 0.5228  236s
smxfinal_av3_exact_s1        step 18000  fit 2.2619  val 2.2444  density 0.5242  242s
smxfinal_av3_exact_s1        step 18500  fit 2.2504  val 2.2617  density 0.5233  249s
smxfinal_av3_exact_s1        step 19000  fit 2.2822  val 2.2862  density 0.5238  256s
smxfinal_av3_exact_s1        step 19500  fit 2.2335  val 2.2300  density 0.5225  263s
smxfinal_av3_exact_s1        step 20000  fit 2.2592  val 2.2494  density 0.5223  269s
smxfinal_av3_exact_s1        step 20500  fit 2.2410  val 2.2461  density 0.5207  276s
smxfinal_av3_exact_s1        step 21000  fit 2.2385  val 2.2437  density 0.5219  283s
smxfinal_av3_exact_s1        step 21500  fit 2.2252  val 2.2356  density 0.5211  289s
smxfinal_av3_exact_s1        step 22000  fit 2.2546  val 2.2520  density 0.5193  296s
smxfinal_av3_exact_s1        step 22500  fit 2.2428  val 2.2570  density 0.5190  303s
smxfinal_av3_exact_s1        step 23000  fit 2.2461  val 2.2426  density 0.5200  310s
smxfinal_av3_exact_s1        step 23500  fit 2.2339  val 2.2470  density 0.5204  316s
smxfinal_av3_exact_s1        step 24000  fit 2.2171  val 2.2274  density 0.5197  323s
smxfinal_av3_exact_s1        step 24500  fit 2.2381  val 2.2412  density 0.5185  330s
smxfinal_av3_exact_s1        step 25000  fit 2.2192  val 2.2301  density 0.5190  336s
smxfinal_av3_exact_s1        step 25500  fit 2.2261  val 2.2320  density 0.5180  343s
smxfinal_av3_exact_s1        step 26000  fit 2.2035  val 2.2198  density 0.5185  350s
smxfinal_av3_exact_s1        step 26500  fit 2.2045  val 2.2237  density 0.5183  356s
smxfinal_av3_exact_s1        step 27000  fit 2.2093  val 2.2320  density 0.5188  363s
smxfinal_av3_exact_s1        step 27500  fit 2.2220  val 2.2416  density 0.5190  370s
smxfinal_av3_exact_s1        step 28000  fit 2.1918  val 2.2055  density 0.5182  376s
smxfinal_av3_exact_s1        step 28500  fit 2.2166  val 2.2200  density 0.5172  383s
smxfinal_av3_exact_s1        step 29000  fit 2.2171  val 2.1937  density 0.5183  390s
smxfinal_av3_exact_s1        step 29500  fit 2.2063  val 2.2130  density 0.5195  397s
smxfinal_av3_exact_s1        step 30000  fit 2.2124  val 2.1993  density 0.5190  403s
smxfinal_av3_exact_s1        step 30500  fit 2.2478  val 2.2474  density 0.5192  410s
smxfinal_av3_exact_s1        step 31000  fit 2.2134  val 2.2184  density 0.5175  39959s
smxfinal_av3_exact_s1        step 31500  fit 2.2104  val 2.2029  density 0.5186  39966s
smxfinal_av3_exact_s1        step 32000  fit 2.1838  val 2.2136  density 0.5167  39974s
smxfinal_av3_exact_s1        step 32500  fit 2.1992  val 2.2009  density 0.5171  39982s
smxfinal_av3_exact_s1        step 33000  fit 2.2009  val 2.2054  density 0.5176  39989s
smxfinal_av3_exact_s1        step 33500  fit 2.2365  val 2.2133  density 0.5181  39996s
smxfinal_av3_exact_s1        step 34000  fit 2.2068  val 2.2113  density 0.5185  40003s
smxfinal_av3_exact_s1        step 34500  fit 2.2024  val 2.2016  density 0.5174  40010s
smxfinal_av3_exact_s1        step 35000  fit 2.1924  val 2.1952  density 0.5178  40017s
smxfinal_av3_exact_s1        step 35500  fit 2.1928  val 2.2079  density 0.5170  40023s
smxfinal_av3_exact_s1        step 36000  fit 2.1954  val 2.2169  density 0.5168  40030s
smxfinal_av3_exact_s1        step 36500  fit 2.1755  val 2.1982  density 0.5161  40036s
smxfinal_av3_exact_s1        step 37000  fit 2.1807  val 2.1841  density 0.5156  40043s
smxfinal_av3_exact_s1        step 37500  fit 2.2225  val 2.2440  density 0.5170  40050s
smxfinal_av3_exact_s1        step 38000  fit 2.2193  val 2.2322  density 0.5160  40057s
smxfinal_av3_exact_s1        step 38500  fit 2.2061  val 2.1984  density 0.5166  40064s
smxfinal_av3_exact_s1        step 39000  fit 2.1965  val 2.2009  density 0.5152  40070s
smxfinal_av3_exact_s1        step 39500  fit 2.1726  val 2.1753  density 0.5176  40077s
smxfinal_av3_exact_s1        step 40000  fit 2.1969  val 2.2042  density 0.5182  40084s
smxfinal_av3_exact_s1        step 40500  fit 2.2057  val 2.1977  density 0.5145  40090s
smxfinal_av3_exact_s1        step 41000  fit 2.1909  val 2.2046  density 0.5158  40097s
smxfinal_av3_exact_s1        step 41500  fit 2.2060  val 2.1989  density 0.5154  40104s
smxfinal_av3_exact_s1        step 42000  fit 2.2195  val 2.2065  density 0.5162  40110s
smxfinal_av3_exact_s1        step 42500  fit 2.2015  val 2.1956  density 0.5153  40117s
smxfinal_av3_exact_s1        step 43000  fit 2.1771  val 2.2001  density 0.5156  40124s
smxfinal_av3_exact_s1        step 43500  fit 2.1981  val 2.1905  density 0.5155  40130s
smxfinal_av3_exact_s1        step 44000  fit 2.1792  val 2.1896  density 0.5139  40137s
smxfinal_av3_exact_s1        step 44500  fit 2.2052  val 2.1863  density 0.5152  40143s
smxfinal_av3_exact_s1        step 45000  fit 2.1827  val 2.1818  density 0.5142  40150s
smxfinal_av3_exact_s1        step 45500  fit 2.1953  val 2.2013  density 0.5164  40157s
smxfinal_av3_exact_s1        step 46000  fit 2.1673  val 2.1793  density 0.5146  40164s
smxfinal_av3_exact_s1        step 46500  fit 2.1874  val 2.1855  density 0.5147  40171s
smxfinal_av3_exact_s1        step 47000  fit 2.1648  val 2.1731  density 0.5151  40178s
smxfinal_av3_exact_s1        step 47500  fit 2.1732  val 2.1804  density 0.5148  40184s
smxfinal_av3_exact_s1        step 48000  fit 2.1815  val 2.1796  density 0.5163  40191s
smxfinal_av3_exact_s1        step 48500  fit 2.1744  val 2.1731  density 0.5145  40198s
smxfinal_av3_exact_s1        step 49000  fit 2.2206  val 2.2130  density 0.5153  40205s
smxfinal_av3_exact_s1        step 49500  fit 2.1769  val 2.1823  density 0.5152  40212s
smxfinal_av3_exact_s1        step 50000  fit 2.1785  val 2.1865  density 0.5146  40218s
smxfinal_av3_exact_s1        step 50500  fit 2.1942  val 2.1955  density 0.5129  40225s
smxfinal_av3_exact_s1        step 51000  fit 2.1740  val 2.1898  density 0.5136  40232s
smxfinal_av3_exact_s1        step 51500  fit 2.1691  val 2.1658  density 0.5153  40239s
smxfinal_av3_exact_s1        step 52000  fit 2.1772  val 2.1699  density 0.5134  40245s
smxfinal_av3_exact_s1        step 52500  fit 2.1765  val 2.1698  density 0.5137  40252s
smxfinal_av3_exact_s1        step 53000  fit 2.1665  val 2.1873  density 0.5137  40259s
smxfinal_av3_exact_s1        step 53500  fit 2.1779  val 2.2039  density 0.5139  40266s
smxfinal_av3_exact_s1        step 54000  fit 2.1641  val 2.1690  density 0.5139  40272s
smxfinal_av3_exact_s1        step 54500  fit 2.1724  val 2.1842  density 0.5138  40279s
smxfinal_av3_exact_s1        step 55000  fit 2.1721  val 2.1661  density 0.5136  40286s
smxfinal_av3_exact_s1        step 55500  fit 2.1412  val 2.1589  density 0.5145  40293s
smxfinal_av3_exact_s1        step 56000  fit 2.1670  val 2.1665  density 0.5141  40300s
smxfinal_av3_exact_s1        step 56500  fit 2.1840  val 2.1733  density 0.5143  40306s
smxfinal_av3_exact_s1        step 57000  fit 2.1538  val 2.1741  density 0.5133  40313s
smxfinal_av3_exact_s1        step 57500  fit 2.1531  val 2.1497  density 0.5129  40320s
smxfinal_av3_exact_s1        step 58000  fit 2.1623  val 2.1572  density 0.5136  40327s
smxfinal_av3_exact_s1        step 58500  fit 2.1353  val 2.1360  density 0.5145  40334s
smxfinal_av3_exact_s1        step 59000  fit 2.1279  val 2.1211  density 0.5132  40340s
smxfinal_av3_exact_s1        step 59500  fit 2.1162  val 2.1015  density 0.5124  40347s
smxfinal_av3_exact_s1        step 60000  fit 1.9916  val 2.0103  density 0.5153  40354s
FINAL smxfinal_av3_exact_s1    fit 2.0104  val 1.9994  (uniform 4.1589)  nnz 52764/102400 = 0.5153
