route rand  N=4  load 0.274 0.352 0.114 0.260  (max/min = 3.09)
sw_n4rand_s1                 step     1  fit 7.0911  val 7.0947  density 0.5505  11s
sw_n4rand_s1                 step   500  fit 3.0187  val 3.0200  density 0.5497  154s
sw_n4rand_s1                 step  1000  fit 2.8132  val 2.8075  density 0.5481  298s
sw_n4rand_s1                 step  1500  fit 2.6257  val 2.6203  density 0.5469  440s
sw_n4rand_s1                 step  2000  fit 2.4981  val 2.5222  density 0.5465  581s
sw_n4rand_s1                 step  2500  fit 2.4342  val 2.4388  density 0.5457  721s
sw_n4rand_s1                 step  3000  fit 2.3894  val 2.4058  density 0.5447  860s
sw_n4rand_s1                 step  3500  fit 2.3572  val 2.3825  density 0.5432  1000s
sw_n4rand_s1                 step  4000  fit 2.3287  val 2.3270  density 0.5430  1139s
sw_n4rand_s1                 step  4500  fit 2.3116  val 2.3076  density 0.5424  1278s
sw_n4rand_s1                 step  5000  fit 2.2997  val 2.2921  density 0.5422  1416s
sw_n4rand_s1                 step  5500  fit 2.2672  val 2.2833  density 0.5416  1553s
sw_n4rand_s1                 step  6000  fit 2.2724  val 2.2690  density 0.5417  1691s
sw_n4rand_s1                 step  6500  fit 2.2383  val 2.2502  density 0.5408  1805s
sw_n4rand_s1                 step  7000  fit 2.2435  val 2.2519  density 0.5408  1861s
sw_n4rand_s1                 step  7500  fit 2.2466  val 2.2641  density 0.5408  1920s
sw_n4rand_s1                 step  8000  fit 2.2133  val 2.2232  density 0.5404  2023s
sw_n4rand_s1                 step  8500  fit 2.2154  val 2.2119  density 0.5407  2127s
sw_n4rand_s1                 step  9000  fit 2.2079  val 2.1970  density 0.5402  2227s
sw_n4rand_s1                 step  9500  fit 2.2105  val 2.2095  density 0.5402  2330s
sw_n4rand_s1                 step 10000  fit 2.1927  val 2.1989  density 0.5401  2433s
sw_n4rand_s1                 step 10500  fit 2.1902  val 2.1828  density 0.5398  2528s
sw_n4rand_s1                 step 11000  fit 2.1735  val 2.1709  density 0.5394  2631s
sw_n4rand_s1                 step 11500  fit 2.1687  val 2.1565  density 0.5395  2733s
sw_n4rand_s1                 step 12000  fit 2.0786  val 2.0928  density 0.5398  2810s
FINAL sw_n4rand_s1             fit 2.0879  val 2.0896  (uniform 4.1589)  nnz 134883/249856 = 0.5398
route bal   N=16  load 0.063 0.063 0.063 0.062 0.062 0.062 0.063 0.062 0.063 0.062 0.062 0.064 0.062 0.063 0.062 0.062  (max/min = 1.03)
sw_n16bal_s1                 step     1  fit 7.7412  val 7.7503  density 0.5517  16s
