route bal   N=8  load 0.125 0.124 0.127 0.125 0.126 0.125 0.124 0.124  (max/min = 1.03)
moe_n8bal60k_s2              step     1  fit 7.4984  val 7.5274  density 0.5510  7s
moe_n8bal60k_s2              step   500  fit 2.9721  val 2.9679  density 0.5502  93s
moe_n8bal60k_s2              step  1000  fit 2.7511  val 2.7486  density 0.5497  180s
moe_n8bal60k_s2              step  1500  fit 2.5518  val 2.5479  density 0.5493  271s
moe_n8bal60k_s2              step  2000  fit 2.4289  val 2.4471  density 0.5485  361s
moe_n8bal60k_s2              step  2500  fit 2.3504  val 2.3510  density 0.5477  452s
moe_n8bal60k_s2              step  3000  fit 2.3057  val 2.3135  density 0.5476  542s
moe_n8bal60k_s2              step  3500  fit 2.2690  val 2.2895  density 0.5462  632s
moe_n8bal60k_s2              step  4000  fit 2.2483  val 2.2416  density 0.5454  722s
moe_n8bal60k_s2              step  4500  fit 2.2083  val 2.2110  density 0.5453  813s
moe_n8bal60k_s2              step  5000  fit 2.1994  val 2.1921  density 0.5450  903s
moe_n8bal60k_s2              step  5500  fit 2.1881  val 2.1918  density 0.5442  992s
moe_n8bal60k_s2              step  6000  fit 2.1730  val 2.1737  density 0.5440  1124s
moe_n8bal60k_s2              step  6500  fit 2.1447  val 2.1625  density 0.5433  1263s
moe_n8bal60k_s2              step  7000  fit 2.1298  val 2.1363  density 0.5427  1398s
moe_n8bal60k_s2              step  7500  fit 2.1269  val 2.1390  density 0.5425  1537s
moe_n8bal60k_s2              step  8000  fit 2.1169  val 2.1251  density 0.5412  1629s
moe_n8bal60k_s2              step  8500  fit 2.1015  val 2.1059  density 0.5413  1747s
moe_n8bal60k_s2              step  9000  fit 2.0996  val 2.0934  density 0.5405  1885s
moe_n8bal60k_s2              step  9500  fit 2.1086  val 2.1145  density 0.5404  2023s
moe_n8bal60k_s2              step 10000  fit 2.0902  val 2.1003  density 0.5399  2162s
moe_n8bal60k_s2              step 10500  fit 2.0807  val 2.0707  density 0.5391  2299s
moe_n8bal60k_s2              step 11000  fit 2.0856  val 2.0845  density 0.5384  2437s
moe_n8bal60k_s2              step 11500  fit 2.0594  val 2.0583  density 0.5380  2575s
