sw_dense_s1                  step     1  fit 8.1972  val 8.2335  density 0.5503  3s
sw_dense_s1                  step   500  fit 3.1184  val 3.1203  density 0.5487  41s
sw_dense_s1                  step  1000  fit 2.9077  val 2.9075  density 0.5472  80s
sw_dense_s1                  step  1500  fit 2.7262  val 2.7247  density 0.5468  122s
sw_dense_s1                  step  2000  fit 2.6162  val 2.6299  density 0.5446  166s
sw_dense_s1                  step  2500  fit 2.5472  val 2.5537  density 0.5450  209s
sw_dense_s1                  step  3000  fit 2.5099  val 2.5302  density 0.5423  252s
sw_dense_s1                  step  3500  fit 2.4752  val 2.4889  density 0.5423  295s
sw_dense_s1                  step  4000  fit 2.4675  val 2.4541  density 0.5419  338s
sw_dense_s1                  step  4500  fit 2.4457  val 2.4528  density 0.5412  381s
sw_dense_s1                  step  5000  fit 2.4584  val 2.4578  density 0.5396  423s
sw_dense_s1                  step  5500  fit 2.4157  val 2.4221  density 0.5394  466s
sw_dense_s1                  step  6000  fit 2.4259  val 2.4255  density 0.5383  509s
sw_dense_s1                  step  6500  fit 2.3983  val 2.4106  density 0.5376  551s
sw_dense_s1                  step  7000  fit 2.3834  val 2.3921  density 0.5378  594s
sw_dense_s1                  step  7500  fit 2.3597  val 2.3809  density 0.5393  636s
sw_dense_s1                  step  8000  fit 2.3637  val 2.3666  density 0.5380  674s
sw_dense_s1                  step  8500  fit 2.3700  val 2.3766  density 0.5383  717s
sw_dense_s1                  step  9000  fit 2.3431  val 2.3374  density 0.5371  758s
sw_dense_s1                  step  9500  fit 2.3603  val 2.3615  density 0.5377  796s
sw_dense_s1                  step 10000  fit 2.3505  val 2.3583  density 0.5372  838s
sw_dense_s1                  step 10500  fit 2.3547  val 2.3533  density 0.5376  881s
sw_dense_s1                  step 11000  fit 2.3422  val 2.3362  density 0.5378  926s
sw_dense_s1                  step 11500  fit 2.3211  val 2.3111  density 0.5371  971s
sw_dense_s1                  step 12000  fit 2.2092  val 2.2171  density 0.5373  1021s
FINAL sw_dense_s1              fit 2.2152  val 2.2218  (uniform 4.1589)  nnz 55018/102400 = 0.5373
route bal   N=4  load 0.250 0.250 0.250 0.250  (max/min = 1.00)
sw_n4bal_s1                  step     1  fit 7.2685  val 7.2593  density 0.5505  7s
sw_n4bal_s1                  step   500  fit 3.0186  val 3.0154  density 0.5497  85s
sw_n4bal_s1                  step  1000  fit 2.8092  val 2.8030  density 0.5483  158s
sw_n4bal_s1                  step  1500  fit 2.6219  val 2.6144  density 0.5472  226s
sw_n4bal_s1                  step  2000  fit 2.5038  val 2.5196  density 0.5465  295s
sw_n4bal_s1                  step  2500  fit 2.4300  val 2.4377  density 0.5460  365s
sw_n4bal_s1                  step  3000  fit 2.3837  val 2.3991  density 0.5459  433s
sw_n4bal_s1                  step  3500  fit 2.3622  val 2.3776  density 0.5450  501s
sw_n4bal_s1                  step  4000  fit 2.3447  val 2.3371  density 0.5446  569s
sw_n4bal_s1                  step  4500  fit 2.3178  val 2.3208  density 0.5439  637s
sw_n4bal_s1                  step  5000  fit 2.3027  val 2.2953  density 0.5432  704s
sw_n4bal_s1                  step  5500  fit 2.2784  val 2.2874  density 0.5430  770s
sw_n4bal_s1                  step  6000  fit 2.2662  val 2.2634  density 0.5430  839s
sw_n4bal_s1                  step  6500  fit 2.2342  val 2.2516  density 0.5427  909s
sw_n4bal_s1                  step  7000  fit 2.2278  val 2.2354  density 0.5421  978s
sw_n4bal_s1                  step  7500  fit 2.2212  val 2.2324  density 0.5418  1046s
sw_n4bal_s1                  step  8000  fit 2.2100  val 2.2109  density 0.5412  1114s
sw_n4bal_s1                  step  8500  fit 2.2150  val 2.2152  density 0.5413  1183s
sw_n4bal_s1                  step  9000  fit 2.2018  val 2.1905  density 0.5409  1251s
sw_n4bal_s1                  step  9500  fit 2.2114  val 2.2159  density 0.5409  1319s
sw_n4bal_s1                  step 10000  fit 2.1851  val 2.1914  density 0.5410  1387s
sw_n4bal_s1                  step 10500  fit 2.1807  val 2.1651  density 0.5407  1452s
sw_n4bal_s1                  step 11000  fit 2.1850  val 2.1828  density 0.5410  1520s
sw_n4bal_s1                  step 11500  fit 2.1472  val 2.1378  density 0.5409  1589s
sw_n4bal_s1                  step 12000  fit 2.0762  val 2.0914  density 0.5409  1658s
FINAL sw_n4bal_s1              fit 2.0837  val 2.0912  (uniform 4.1589)  nnz 135146/249856 = 0.5409
route clus  N=4  load 0.255 0.236 0.254 0.254  (max/min = 1.08)
sw_n4clus_s1                 step     1  fit 7.2863  val 7.2807  density 0.5505  6s
sw_n4clus_s1                 step   500  fit 3.0137  val 3.0129  density 0.5501  77s
sw_n4clus_s1                 step  1000  fit 2.8074  val 2.8060  density 0.5487  149s
sw_n4clus_s1                 step  1500  fit 2.6491  val 2.6442  density 0.5477  222s
sw_n4clus_s1                 step  2000  fit 2.5280  val 2.5424  density 0.5469  294s
sw_n4clus_s1                 step  2500  fit 2.4393  val 2.4423  density 0.5458  365s
sw_n4clus_s1                 step  3000  fit 2.3887  val 2.4107  density 0.5454  436s
sw_n4clus_s1                 step  3500  fit 2.3421  val 2.3604  density 0.5442  507s
sw_n4clus_s1                 step  4000  fit 2.3383  val 2.3286  density 0.5442  577s
sw_n4clus_s1                 step  4500  fit 2.3065  val 2.3090  density 0.5434  648s
sw_n4clus_s1                 step  5000  fit 2.2933  val 2.2834  density 0.5427  718s
sw_n4clus_s1                 step  5500  fit 2.2826  val 2.2852  density 0.5424  787s
sw_n4clus_s1                 step  6000  fit 2.2714  val 2.2630  density 0.5424  857s
sw_n4clus_s1                 step  6500  fit 2.2501  val 2.2635  density 0.5414  924s
sw_n4clus_s1                 step  7000  fit 2.2388  val 2.2489  density 0.5417  992s
sw_n4clus_s1                 step  7500  fit 2.2172  val 2.2341  density 0.5414  1060s
sw_n4clus_s1                 step  8000  fit 2.2207  val 2.2227  density 0.5416  1128s
sw_n4clus_s1                 step  8500  fit 2.2095  val 2.2106  density 0.5410  1197s
sw_n4clus_s1                 step  9000  fit 2.1965  val 2.1917  density 0.5412  1264s
sw_n4clus_s1                 step  9500  fit 2.1951  val 2.1956  density 0.5416  1332s
sw_n4clus_s1                 step 10000  fit 2.1767  val 2.1774  density 0.5414  1391s
sw_n4clus_s1                 step 10500  fit 2.1824  val 2.1750  density 0.5414  1454s
sw_n4clus_s1                 step 11000  fit 2.1899  val 2.1873  density 0.5414  1518s
sw_n4clus_s1                 step 11500  fit 2.1516  val 2.1438  density 0.5409  1582s
sw_n4clus_s1                 step 12000  fit 2.0722  val 2.0858  density 0.5411  1646s
FINAL sw_n4clus_s1             fit 2.0824  val 2.0865  (uniform 4.1589)  nnz 135205/249856 = 0.5411
