route bal   N=8  load 0.125 0.124 0.127 0.125 0.126 0.125 0.124 0.124  (max/min = 1.03)
moe_n8bal60k_s1              step     1  fit 7.5804  val 7.6014  density 0.5511  7s
moe_n8bal60k_s1              step   500  fit 2.9703  val 2.9707  density 0.5506  99s
moe_n8bal60k_s1              step  1000  fit 2.7448  val 2.7425  density 0.5499  191s
moe_n8bal60k_s1              step  1500  fit 2.5330  val 2.5211  density 0.5494  283s
moe_n8bal60k_s1              step  2000  fit 2.4162  val 2.4245  density 0.5489  374s
moe_n8bal60k_s1              step  2500  fit 2.3489  val 2.3489  density 0.5479  464s
moe_n8bal60k_s1              step  3000  fit 2.2877  val 2.3021  density 0.5474  555s
moe_n8bal60k_s1              step  3500  fit 2.2597  val 2.2782  density 0.5469  645s
moe_n8bal60k_s1              step  4000  fit 2.2382  val 2.2293  density 0.5460  735s
moe_n8bal60k_s1              step  4500  fit 2.2024  val 2.2058  density 0.5454  832s
moe_n8bal60k_s1              step  5000  fit 2.2067  val 2.2039  density 0.5447  970s
moe_n8bal60k_s1              step  5500  fit 2.1756  val 2.1843  density 0.5443  1105s
moe_n8bal60k_s1              step  6000  fit 2.1585  val 2.1511  density 0.5439  1245s
moe_n8bal60k_s1              step  6500  fit 2.1431  val 2.1587  density 0.5433  1382s
moe_n8bal60k_s1              step  7000  fit 2.1324  val 2.1394  density 0.5429  1458s
moe_n8bal60k_s1              step  7500  fit 2.1255  val 2.1416  density 0.5420  1594s
moe_n8bal60k_s1              step  8000  fit 2.1018  val 2.1083  density 0.5417  1733s
moe_n8bal60k_s1              step  8500  fit 2.1057  val 2.1101  density 0.5415  1872s
moe_n8bal60k_s1              step  9000  fit 2.0924  val 2.0847  density 0.5402  2011s
moe_n8bal60k_s1              step  9500  fit 2.0905  val 2.0960  density 0.5396  2150s
moe_n8bal60k_s1              step 10000  fit 2.0796  val 2.0818  density 0.5391  2288s
moe_n8bal60k_s1              step 10500  fit 2.0825  val 2.0702  density 0.5388  2427s
moe_n8bal60k_s1              step 11000  fit 2.0687  val 2.0597  density 0.5385  2566s
moe_n8bal60k_s1              step 11500  fit 2.0639  val 2.0479  density 0.5383  2705s
moe_n8bal60k_s1              step 12000  fit 2.0480  val 2.0583  density 0.5376  2844s
moe_n8bal60k_s1              step 12500  fit 2.0505  val 2.0713  density 0.5375  2941s
moe_n8bal60k_s1              step 13000  fit 2.0299  val 2.0440  density 0.5360  3031s
moe_n8bal60k_s1              step 13500  fit 2.0540  val 2.0366  density 0.5357  3122s
moe_n8bal60k_s1              step 14000  fit 2.0451  val 2.0391  density 0.5352  3207s
moe_n8bal60k_s1              step 14500  fit 2.0353  val 2.0421  density 0.5345  3296s
moe_n8bal60k_s1              step 15000  fit 2.0260  val 2.0242  density 0.5349  3386s
moe_n8bal60k_s1              step 15500  fit 2.0207  val 2.0099  density 0.5343  3475s
