Traceback (most recent call last):
  File "/home/scott/elya-nes-ctx/train/train_nes.t85_ladder_tau0.50           step  1000  fit 2.9666  val 2.9623  density 0.6835  252s
t/elya-nes-ctx/train/train_nes.py", line 116, in main
    lg = model(x) * scale()
         ~~~~~^^^
  File "/home/scott/.local/lib/python3.13/site-packages/torch/nn/modules/module.py", line 1776, in _wrapped_call_impl
    return self._call_impl(*args, **kwargs)
           ~~~~~~~~~~~~~~~^^^^^^^^^^^^^^^^^
  File "/home/scott/.local/lib/python3.13/site-packages/torch/nn/modules/module.py", line 1787, in _call_impl
    return forward_call(*args, **kwargs)
  File "/home/scott/elya-nes-ctx/train/model_nes.py", line 200, in forward
    sc = floor_prod(qh.unsqueeze(3), kh.unsqueeze(2)).sum(-1)  # (B,H,T,T)
         ~~~~~~~~~~^^^^^^^^^^^^^^^^^^^^^^^^^^^^^^^^^^
  File "/home/scott/elya-nes-ctx/train/model_nes.py", line 68, in floor_prod
    return ste(p / (1 << k), torch.floor(p / (1 << k)))
                             ~~~~~~~~~~~^^^^^^^^^^^^^^
torch.OutOfMemoryError: CUDA out of memory. Tried to allocate 340.00 MiB. GPU 0 has a total capacity of 7.62 GiB of which 106.75 MiB is free. Process 4038 has 3.35 GiB memory in use. Process 3102888 has 329.98 MiB memory in use. Process 3105852 has 2.57 GiB memory in use. Including non-PyTorch memory, this process has 1.23 GiB memory in use. Of the allocated memory 1.03 GiB is allocated by PyTorch, and 45.22 MiB is reserved by PyTorch but unallocated. If reserved but unallocated memory is large try setting PYTORCH_ALLOC_CONF=expandable_segments:True to avoid fragmentation.  See documentation for Memory Management  (https://pytorch.org/docs/stable/notes/cuda.html#environment-variables)
Traceback (most recent call last):
  File "/home/scott/elya-nes-ctx/train/train_nes.py", line 160, in <module>
    sys.exit(main())
             ~~~~^^
  File "/home/scott/elya-nes-ctx/train/train_nes.py", line 116, in main
    lg = model(x) * scale()
         ~~~~~^^^
  File "/home/scott/.local/lib/python3.13/site-packages/torch/nn/modules/module.py", line 1776, in _wrapped_call_impl
    return self._call_impl(*args, **kwargs)
           ~~~~~~~~~~~~~~~^^^^^^^^^^^^^^^^^
  File "/home/scott/.local/lib/python3.13/site-packages/torch/nn/modules/module.py", line 1787, in _call_impl
    return forward_call(*args, **kwargs)
  File "/home/scott/elya-nes-ctx/train/model_nes.py", line 200, in forward
    sc = floor_prod(qh.unsqueeze(3), kh.unsqueeze(2)).sum(-1)  # (B,H,T,T)
         ~~~~~~~~~~^^^^^^^^^^^^^^^^^^^^^^^^^^^^^^^^^^
  File "/home/scott/elya-nes-ctx/train/model_nes.py", line 68, in floor_prod
    return ste(p / (1 << k), torch.floor(p / (1 << k)))
                             ~~~~~~~~~~~^^^^^^^^^^^^^^
torch.OutOfMemoryError: CUDA out of memory. Tried to allocate 340.00 MiB. GPU 0 has a total capacity of 7.62 GiB of which 106.75 MiB is free. Process 4038 has 3.35 GiB memory in use. Process 3102888 has 329.98 MiB memory in use. Process 3105852 has 2.57 GiB memory in use. Including non-PyTorch memory, this process has 1.23 GiB memory in use. Of the allocated memory 1.03 GiB is allocated by PyTorch, and 45.22 MiB is reserved by PyTorch but unallocated. If reserved but unallocated memory is large try setting PYTORCH_ALLOC_CONF=expandable_segments:True to avoid fragmentation.  See documentation for Memory Management  (https://pytorch.org/docs/stable/notes/cuda.html#environment-variables)
Traceback (most recent call last):
  File "/home/scott/elya-nes-ctx/train/train_nes.py", line 160, in <module>
    sys.exit(main())
             ~~~~^^
  File "/home/scott/elya-nes-ctx/train/train_nes.py", line 116, in main
    lg = model(x) * scale()
         ~~~~~^^^
  File "/home/scott/.local/lib/python3.13/site-packages/torch/nn/modules/module.py", line 1776, in _wrapped_call_impl
    return self._call_impl(*args, **kwargs)
           ~~~~~~~~~~~~~~~^^^^^^^^^^^^^^^^^
  File "/home/scott/.local/lib/python3.13/site-packages/torch/nn/modules/module.py", line 1787, in _call_impl
    return forward_call(*args, **kwargs)
  File "/home/scott/elya-nes-ctx/train/model_nes.py", line 200, in forward
    sc = floor_prod(qh.unsqueeze(3), kh.unsqueeze(2)).sum(-1)  # (B,H,T,T)
         ~~~~~~~~~~^^^^^^^^^^^^^^^^^^^^^^^^^^^^^^^^^^
  File "/home/scott/elya-nes-ctx/train/model_nes.py", line 68, in floor_prod
    return ste(p / (1 << k), torch.floor(p / (1 << k)))
                             ~~~~~~~~~~~^^^^^^^^^^^^^^
torch.OutOfMemoryError: CUDA out of memory. Tried to allocate 340.00 MiB. GPU 0 has a total capacity of 7.62 GiB of which 106.75 MiB is free. Process 4038 has 3.35 GiB memory in use. Process 3102888 has 329.98 MiB memory in use. Process 3105852 has 2.57 GiB memory in use. Including non-PyTorch memory, this process has 1.23 GiB memory in use. Of the allocated memory 1.03 GiB is allocated by PyTorch, and 45.22 MiB is reserved by PyTorch but unallocated. If reserved but unallocated memory is large try setting PYTORCH_ALLOC_CONF=expandable_segments:True to avoid fragmentation.  See documentation for Memory Management  (https://pytorch.org/docs/stable/notes/cuda.html#environment-variables)
