dense_pow2_s1                step     1  fit 8.1972  val 8.2335  density 0.5503  1s
dense_pow2_s1                step   500  fit 3.1129  val 3.1132  density 0.5484  21s
dense_pow2_s1                step  1000  fit 2.9071  val 2.9053  density 0.5475  40s
dense_pow2_s1                step  1500  fit 2.7369  val 2.7282  density 0.5455  59s
dense_pow2_s1                step  2000  fit 2.6122  val 2.6299  density 0.5446  78s
dense_pow2_s1                step  2500  fit 2.5576  val 2.5630  density 0.5423  97s
dense_pow2_s1                step  3000  fit 2.5016  val 2.5197  density 0.5410  116s
dense_pow2_s1                step  3500  fit 2.4862  val 2.4995  density 0.5399  135s
dense_pow2_s1                step  4000  fit 2.4586  val 2.4531  density 0.5391  154s
dense_pow2_s1                step  4500  fit 2.4477  val 2.4497  density 0.5392  173s
dense_pow2_s1                step  5000  fit 2.4227  val 2.4159  density 0.5380  191s
dense_pow2_s1                step  5500  fit 2.4042  val 2.4179  density 0.5373  210s
dense_pow2_s1                step  6000  fit 2.4122  val 2.4045  density 0.5368  228s
dense_pow2_s1                step  6500  fit 2.3704  val 2.3818  density 0.5372  247s
dense_pow2_s1                step  7000  fit 2.3801  val 2.3904  density 0.5350  265s
dense_pow2_s1                step  7500  fit 2.3566  val 2.3689  density 0.5341  284s
dense_pow2_s1                step  8000  fit 2.3489  val 2.3510  density 0.5336  303s
dense_pow2_s1                step  8500  fit 2.3492  val 2.3512  density 0.5321  321s
dense_pow2_s1                step  9000  fit 2.3678  val 2.3574  density 0.5313  340s
dense_pow2_s1                step  9500  fit 2.3624  val 2.3632  density 0.5323  358s
dense_pow2_s1                step 10000  fit 2.3438  val 2.3532  density 0.5298  377s
dense_pow2_s1                step 10500  fit 2.3894  val 2.3819  density 0.5295  395s
dense_pow2_s1                step 11000  fit 2.3287  val 2.3287  density 0.5306  414s
dense_pow2_s1                step 11500  fit 2.3331  val 2.3268  density 0.5284  432s
dense_pow2_s1                step 12000  fit 2.3128  val 2.3254  density 0.5273  451s
dense_pow2_s1                step 12500  fit 2.3301  val 2.3378  density 0.5271  469s
dense_pow2_s1                step 13000  fit 2.3176  val 2.3378  density 0.5263  488s
dense_pow2_s1                step 13500  fit 2.3306  val 2.3175  density 0.5259  506s
dense_pow2_s1                step 14000  fit 2.2993  val 2.2895  density 0.5270  524s
dense_pow2_s1                step 14500  fit 2.2945  val 2.2995  density 0.5259  543s
dense_pow2_s1                step 15000  fit 2.2876  val 2.2864  density 0.5247  561s
dense_pow2_s1                step 15500  fit 2.3078  val 2.3015  density 0.5257  580s
dense_pow2_s1                step 16000  fit 2.3180  val 2.2986  density 0.5241  598s
dense_pow2_s1                step 16500  fit 2.3033  val 2.3018  density 0.5231  616s
dense_pow2_s1                step 17000  fit 2.2938  val 2.2973  density 0.5241  635s
dense_pow2_s1                step 17500  fit 2.3313  val 2.3341  density 0.5231  653s
dense_pow2_s1                step 18000  fit 2.2892  val 2.2736  density 0.5221  671s
dense_pow2_s1                step 18500  fit 2.2802  val 2.2952  density 0.5208  690s
dense_pow2_s1                step 19000  fit 2.2780  val 2.2712  density 0.5198  709s
dense_pow2_s1                step 19500  fit 2.2766  val 2.2756  density 0.5190  727s
dense_pow2_s1                step 20000  fit 2.3029  val 2.2986  density 0.5199  746s
dense_pow2_s1                step 20500  fit 2.2792  val 2.2832  density 0.5189  764s
dense_pow2_s1                step 21000  fit 2.2667  val 2.2708  density 0.5192  783s
dense_pow2_s1                step 21500  fit 2.2523  val 2.2606  density 0.5179  801s
dense_pow2_s1                step 22000  fit 2.2637  val 2.2610  density 0.5172  820s
dense_pow2_s1                step 22500  fit 2.2632  val 2.2761  density 0.5166  838s
dense_pow2_s1                step 23000  fit 2.2853  val 2.2876  density 0.5168  857s
dense_pow2_s1                step 23500  fit 2.2643  val 2.2787  density 0.5154  876s
dense_pow2_s1                step 24000  fit 2.2574  val 2.2698  density 0.5165  888s
dense_pow2_s1                step 24500  fit 2.2685  val 2.2655  density 0.5168  899s
dense_pow2_s1                step 25000  fit 2.2502  val 2.2572  density 0.5154  911s
dense_pow2_s1                step 25500  fit 2.2587  val 2.2579  density 0.5151  922s
dense_pow2_s1                step 26000  fit 2.2444  val 2.2595  density 0.5156  934s
dense_pow2_s1                step 26500  fit 2.2607  val 2.2821  density 0.5140  945s
dense_pow2_s1                step 27000  fit 2.2234  val 2.2443  density 0.5142  956s
dense_pow2_s1                step 27500  fit 2.2414  val 2.2478  density 0.5148  968s
dense_pow2_s1                step 28000  fit 2.2436  val 2.2610  density 0.5142  979s
dense_pow2_s1                step 28500  fit 2.2776  val 2.2783  density 0.5139  991s
dense_pow2_s1                step 29000  fit 2.2740  val 2.2500  density 0.5130  1002s
dense_pow2_s1                step 29500  fit 2.2604  val 2.2695  density 0.5121  1013s
dense_pow2_s1                step 30000  fit 2.2479  val 2.2313  density 0.5127  1024s
dense_pow2_s1                step 30500  fit 2.2809  val 2.2802  density 0.5128  1036s
dense_pow2_s1                step 31000  fit 2.2808  val 2.2755  density 0.5125  1047s
dense_pow2_s1                step 31500  fit 2.2749  val 2.2661  density 0.5110  1059s
dense_pow2_s1                step 32000  fit 2.2353  val 2.2567  density 0.5118  1070s
dense_pow2_s1                step 32500  fit 2.2574  val 2.2577  density 0.5104  1081s
dense_pow2_s1                step 33000  fit 2.2392  val 2.2538  density 0.5101  1093s
dense_pow2_s1                step 33500  fit 2.2580  val 2.2305  density 0.5126  1104s
dense_pow2_s1                step 34000  fit 2.2468  val 2.2559  density 0.5109  1116s
dense_pow2_s1                step 34500  fit 2.2422  val 2.2415  density 0.5112  1127s
dense_pow2_s1                step 35000  fit 2.2572  val 2.2595  density 0.5104  1138s
dense_pow2_s1                step 35500  fit 2.2278  val 2.2393  density 0.5104  1150s
dense_pow2_s1                step 36000  fit 2.2311  val 2.2567  density 0.5106  1161s
dense_pow2_s1                step 36500  fit 2.2490  val 2.2665  density 0.5096  1172s
dense_pow2_s1                step 37000  fit 2.2305  val 2.2327  density 0.5096  1184s
dense_pow2_s1                step 37500  fit 2.2372  val 2.2624  density 0.5092  1195s
dense_pow2_s1                step 38000  fit 2.2388  val 2.2509  density 0.5107  1206s
dense_pow2_s1                step 38500  fit 2.2485  val 2.2444  density 0.5105  1218s
dense_pow2_s1                step 39000  fit 2.2334  val 2.2248  density 0.5100  1229s
dense_pow2_s1                step 39500  fit 2.2235  val 2.2179  density 0.5099  1241s
dense_pow2_s1                step 40000  fit 2.2094  val 2.2214  density 0.5116  1252s
dense_pow2_s1                step 40500  fit 2.2445  val 2.2383  density 0.5108  1264s
dense_pow2_s1                step 41000  fit 2.2175  val 2.2381  density 0.5103  1275s
dense_pow2_s1                step 41500  fit 2.2423  val 2.2317  density 0.5106  1287s
dense_pow2_s1                step 42000  fit 2.2306  val 2.2150  density 0.5102  1298s
dense_pow2_s1                step 42500  fit 2.2502  val 2.2457  density 0.5107  1309s
dense_pow2_s1                step 43000  fit 2.1987  val 2.2138  density 0.5099  1321s
dense_pow2_s1                step 43500  fit 2.2174  val 2.2114  density 0.5101  1332s
dense_pow2_s1                step 44000  fit 2.2430  val 2.2538  density 0.5092  1343s
dense_pow2_s1                step 44500  fit 2.2180  val 2.2054  density 0.5100  1355s
dense_pow2_s1                step 45000  fit 2.2236  val 2.2199  density 0.5095  1366s
dense_pow2_s1                step 45500  fit 2.2111  val 2.2153  density 0.5084  1378s
dense_pow2_s1                step 46000  fit 2.2131  val 2.2237  density 0.5098  1389s
dense_pow2_s1                step 46500  fit 2.2223  val 2.2218  density 0.5098  1401s
dense_pow2_s1                step 47000  fit 2.2104  val 2.2189  density 0.5096  1412s
dense_pow2_s1                step 47500  fit 2.2237  val 2.2295  density 0.5088  1423s
dense_pow2_s1                step 48000  fit 2.2200  val 2.2074  density 0.5092  1435s
dense_pow2_s1                step 48500  fit 2.2178  val 2.2142  density 0.5107  1446s
dense_pow2_s1                step 49000  fit 2.2567  val 2.2494  density 0.5095  1457s
dense_pow2_s1                step 49500  fit 2.2178  val 2.2150  density 0.5091  1469s
dense_pow2_s1                step 50000  fit 2.2348  val 2.2418  density 0.5083  1480s
dense_pow2_s1                step 50500  fit 2.2214  val 2.2220  density 0.5099  1491s
dense_pow2_s1                step 51000  fit 2.2266  val 2.2360  density 0.5093  1503s
dense_pow2_s1                step 51500  fit 2.1995  val 2.1910  density 0.5087  1514s
dense_pow2_s1                step 52000  fit 2.2244  val 2.2140  density 0.5087  1525s
dense_pow2_s1                step 52500  fit 2.2166  val 2.2118  density 0.5098  1537s
dense_pow2_s1                step 53000  fit 2.1850  val 2.2041  density 0.5096  1548s
dense_pow2_s1                step 53500  fit 2.2000  val 2.2264  density 0.5098  1560s
dense_pow2_s1                step 54000  fit 2.2270  val 2.2303  density 0.5089  1571s
dense_pow2_s1                step 54500  fit 2.1860  val 2.1929  density 0.5089  1583s
dense_pow2_s1                step 55000  fit 2.2069  val 2.2075  density 0.5091  1594s
dense_pow2_s1                step 55500  fit 2.1827  val 2.2006  density 0.5091  1606s
dense_pow2_s1                step 56000  fit 2.2172  val 2.2200  density 0.5078  1617s
dense_pow2_s1                step 56500  fit 2.1907  val 2.1775  density 0.5089  1629s
dense_pow2_s1                step 57000  fit 2.1825  val 2.2034  density 0.5080  1640s
dense_pow2_s1                step 57500  fit 2.2094  val 2.2040  density 0.5084  1651s
dense_pow2_s1                step 58000  fit 2.1814  val 2.1774  density 0.5093  1663s
dense_pow2_s1                step 58500  fit 2.1722  val 2.1643  density 0.5078  1674s
dense_pow2_s1                step 59000  fit 2.1836  val 2.1799  density 0.5084  1686s
dense_pow2_s1                step 59500  fit 2.1468  val 2.1344  density 0.5072  1697s
dense_pow2_s1                step 60000  fit 2.0319  val 2.0504  density 0.5102  1708s
FINAL dense_pow2_s1            fit 2.0508  val 2.0381  (uniform 4.1589)  nnz 52246/102400 = 0.5102
