dense_exact_s2               step     1  fit 7.5757  val 7.5876  density 0.5491  1s
dense_exact_s2               step   500  fit 3.0865  val 3.0851  density 0.5482  8s
dense_exact_s2               step  1000  fit 2.8992  val 2.8995  density 0.5471  15s
dense_exact_s2               step  1500  fit 2.7168  val 2.7082  density 0.5463  22s
dense_exact_s2               step  2000  fit 2.5992  val 2.6099  density 0.5453  30s
dense_exact_s2               step  2500  fit 2.5267  val 2.5348  density 0.5441  37s
dense_exact_s2               step  3000  fit 2.4715  val 2.4893  density 0.5429  44s
dense_exact_s2               step  3500  fit 2.4402  val 2.4567  density 0.5434  51s
dense_exact_s2               step  4000  fit 2.4061  val 2.3994  density 0.5430  58s
dense_exact_s2               step  4500  fit 2.3835  val 2.3871  density 0.5411  66s
dense_exact_s2               step  5000  fit 2.3749  val 2.3743  density 0.5400  73s
dense_exact_s2               step  5500  fit 2.3730  val 2.3814  density 0.5395  80s
dense_exact_s2               step  6000  fit 2.3918  val 2.3803  density 0.5384  87s
dense_exact_s2               step  6500  fit 2.3578  val 2.3754  density 0.5371  95s
dense_exact_s2               step  7000  fit 2.3441  val 2.3498  density 0.5362  102s
dense_exact_s2               step  7500  fit 2.3120  val 2.3247  density 0.5363  109s
dense_exact_s2               step  8000  fit 2.3163  val 2.3229  density 0.5347  116s
dense_exact_s2               step  8500  fit 2.3418  val 2.3334  density 0.5344  124s
dense_exact_s2               step  9000  fit 2.3012  val 2.2973  density 0.5333  131s
dense_exact_s2               step  9500  fit 2.3262  val 2.3314  density 0.5327  138s
dense_exact_s2               step 10000  fit 2.2948  val 2.3026  density 0.5311  146s
dense_exact_s2               step 10500  fit 2.3031  val 2.2940  density 0.5310  153s
dense_exact_s2               step 11000  fit 2.3053  val 2.3029  density 0.5306  160s
dense_exact_s2               step 11500  fit 2.3107  val 2.3079  density 0.5311  167s
dense_exact_s2               step 12000  fit 2.2558  val 2.2713  density 0.5299  174s
dense_exact_s2               step 12500  fit 2.2903  val 2.2988  density 0.5294  182s
dense_exact_s2               step 13000  fit 2.2365  val 2.2589  density 0.5284  189s
dense_exact_s2               step 13500  fit 2.2845  val 2.2687  density 0.5278  196s
dense_exact_s2               step 14000  fit 2.2734  val 2.2609  density 0.5271  203s
dense_exact_s2               step 14500  fit 2.2499  val 2.2541  density 0.5277  210s
dense_exact_s2               step 15000  fit 2.2361  val 2.2446  density 0.5257  217s
dense_exact_s2               step 15500  fit 2.2796  val 2.2725  density 0.5263  225s
dense_exact_s2               step 16000  fit 2.2444  val 2.2236  density 0.5255  232s
dense_exact_s2               step 16500  fit 2.2622  val 2.2561  density 0.5237  239s
dense_exact_s2               step 17000  fit 2.2689  val 2.2735  density 0.5239  246s
dense_exact_s2               step 17500  fit 2.2287  val 2.2329  density 0.5233  254s
dense_exact_s2               step 18000  fit 2.2525  val 2.2419  density 0.5243  261s
dense_exact_s2               step 18500  fit 2.2367  val 2.2525  density 0.5239  268s
dense_exact_s2               step 19000  fit 2.2348  val 2.2312  density 0.5220  275s
dense_exact_s2               step 19500  fit 2.2470  val 2.2456  density 0.5214  282s
dense_exact_s2               step 20000  fit 2.2413  val 2.2415  density 0.5213  290s
dense_exact_s2               step 20500  fit 2.2443  val 2.2473  density 0.5211  297s
dense_exact_s2               step 21000  fit 2.2422  val 2.2494  density 0.5203  304s
dense_exact_s2               step 21500  fit 2.2251  val 2.2325  density 0.5197  312s
dense_exact_s2               step 22000  fit 2.2335  val 2.2344  density 0.5191  319s
dense_exact_s2               step 22500  fit 2.2398  val 2.2544  density 0.5192  326s
dense_exact_s2               step 23000  fit 2.2203  val 2.2164  density 0.5189  333s
dense_exact_s2               step 23500  fit 2.2226  val 2.2265  density 0.5182  340s
dense_exact_s2               step 24000  fit 2.2261  val 2.2359  density 0.5181  347s
dense_exact_s2               step 24500  fit 2.2387  val 2.2445  density 0.5166  355s
dense_exact_s2               step 25000  fit 2.1948  val 2.1979  density 0.5166  362s
dense_exact_s2               step 25500  fit 2.2272  val 2.2299  density 0.5161  369s
dense_exact_s2               step 26000  fit 2.2377  val 2.2569  density 0.5163  376s
dense_exact_s2               step 26500  fit 2.2288  val 2.2523  density 0.5159  384s
dense_exact_s2               step 27000  fit 2.2038  val 2.2295  density 0.5142  391s
dense_exact_s2               step 27500  fit 2.2122  val 2.2252  density 0.5142  398s
dense_exact_s2               step 28000  fit 2.2339  val 2.2444  density 0.5140  405s
dense_exact_s2               step 28500  fit 2.2049  val 2.1984  density 0.5150  412s
dense_exact_s2               step 29000  fit 2.2877  val 2.2723  density 0.5151  419s
dense_exact_s2               step 29500  fit 2.1810  val 2.1879  density 0.5150  427s
dense_exact_s2               step 30000  fit 2.2306  val 2.2155  density 0.5153  434s
dense_exact_s2               step 30500  fit 2.2428  val 2.2444  density 0.5140  441s
dense_exact_s2               step 31000  fit 2.2378  val 2.2307  density 0.5140  449s
dense_exact_s2               step 31500  fit 2.2016  val 2.1954  density 0.5134  456s
dense_exact_s2               step 32000  fit 2.1978  val 2.2169  density 0.5129  463s
dense_exact_s2               step 32500  fit 2.1895  val 2.1897  density 0.5127  470s
dense_exact_s2               step 33000  fit 2.2114  val 2.2169  density 0.5120  478s
dense_exact_s2               step 33500  fit 2.2122  val 2.1913  density 0.5124  485s
dense_exact_s2               step 34000  fit 2.1981  val 2.2036  density 0.5121  492s
dense_exact_s2               step 34500  fit 2.2228  val 2.2194  density 0.5126  500s
dense_exact_s2               step 35000  fit 2.1935  val 2.2000  density 0.5125  507s
dense_exact_s2               step 35500  fit 2.2101  val 2.2168  density 0.5139  514s
dense_exact_s2               step 36000  fit 2.1934  val 2.2081  density 0.5137  521s
dense_exact_s2               step 36500  fit 2.1864  val 2.2114  density 0.5134  528s
dense_exact_s2               step 37000  fit 2.1824  val 2.1837  density 0.5137  536s
dense_exact_s2               step 37500  fit 2.1923  val 2.2174  density 0.5131  543s
dense_exact_s2               step 38000  fit 2.1966  val 2.2001  density 0.5133  550s
dense_exact_s2               step 38500  fit 2.2193  val 2.2136  density 0.5128  557s
dense_exact_s2               step 39000  fit 2.1837  val 2.1868  density 0.5118  565s
dense_exact_s2               step 39500  fit 2.2061  val 2.2122  density 0.5126  572s
dense_exact_s2               step 40000  fit 2.1915  val 2.2002  density 0.5113  579s
dense_exact_s2               step 40500  fit 2.2110  val 2.2011  density 0.5117  586s
dense_exact_s2               step 41000  fit 2.1778  val 2.1893  density 0.5126  593s
dense_exact_s2               step 41500  fit 2.2095  val 2.2030  density 0.5121  600s
dense_exact_s2               step 42000  fit 2.1862  val 2.1732  density 0.5104  608s
dense_exact_s2               step 42500  fit 2.1790  val 2.1731  density 0.5117  615s
dense_exact_s2               step 43000  fit 2.1857  val 2.2015  density 0.5122  622s
dense_exact_s2               step 43500  fit 2.1903  val 2.1825  density 0.5108  629s
dense_exact_s2               step 44000  fit 2.1778  val 2.1861  density 0.5119  636s
dense_exact_s2               step 44500  fit 2.1865  val 2.1736  density 0.5119  643s
dense_exact_s2               step 45000  fit 2.1912  val 2.1906  density 0.5101  651s
dense_exact_s2               step 45500  fit 2.1635  val 2.1733  density 0.5112  658s
dense_exact_s2               step 46000  fit 2.1516  val 2.1596  density 0.5114  665s
dense_exact_s2               step 46500  fit 2.1801  val 2.1782  density 0.5107  672s
dense_exact_s2               step 47000  fit 2.1969  val 2.2018  density 0.5121  679s
dense_exact_s2               step 47500  fit 2.1738  val 2.1767  density 0.5114  687s
dense_exact_s2               step 48000  fit 2.1770  val 2.1712  density 0.5118  694s
dense_exact_s2               step 48500  fit 2.1951  val 2.1903  density 0.5121  701s
dense_exact_s2               step 49000  fit 2.1747  val 2.1724  density 0.5101  708s
dense_exact_s2               step 49500  fit 2.2059  val 2.2067  density 0.5112  715s
dense_exact_s2               step 50000  fit 2.1719  val 2.1814  density 0.5111  723s
dense_exact_s2               step 50500  fit 2.1778  val 2.1793  density 0.5095  730s
dense_exact_s2               step 51000  fit 2.1848  val 2.1878  density 0.5111  737s
dense_exact_s2               step 51500  fit 2.1791  val 2.1748  density 0.5104  745s
dense_exact_s2               step 52000  fit 2.1777  val 2.1780  density 0.5115  752s
dense_exact_s2               step 52500  fit 2.1793  val 2.1791  density 0.5105  759s
dense_exact_s2               step 53000  fit 2.1418  val 2.1564  density 0.5120  766s
dense_exact_s2               step 53500  fit 2.1487  val 2.1740  density 0.5110  773s
dense_exact_s2               step 54000  fit 2.1672  val 2.1682  density 0.5098  781s
dense_exact_s2               step 54500  fit 2.1632  val 2.1778  density 0.5121  788s
dense_exact_s2               step 55000  fit 2.1867  val 2.1867  density 0.5109  795s
dense_exact_s2               step 55500  fit 2.1323  val 2.1461  density 0.5117  802s
dense_exact_s2               step 56000  fit 2.1819  val 2.1842  density 0.5114  810s
dense_exact_s2               step 56500  fit 2.1576  val 2.1528  density 0.5104  817s
dense_exact_s2               step 57000  fit 2.1466  val 2.1693  density 0.5102  824s
dense_exact_s2               step 57500  fit 2.1600  val 2.1525  density 0.5115  832s
dense_exact_s2               step 58000  fit 2.1569  val 2.1594  density 0.5109  839s
dense_exact_s2               step 58500  fit 2.1106  val 2.1152  density 0.5099  846s
dense_exact_s2               step 59000  fit 2.1277  val 2.1170  density 0.5103  854s
dense_exact_s2               step 59500  fit 2.1114  val 2.0990  density 0.5101  861s
dense_exact_s2               step 60000  fit 1.9974  val 2.0160  density 0.5138  868s
FINAL dense_exact_s2           fit 2.0137  val 2.0030  (uniform 4.1589)  nnz 52610/102400 = 0.5138
