dense_pow2_s2                step     1  fit 7.6969  val 7.7084  density 0.5491  1s
dense_pow2_s2                step   500  fit 3.1197  val 3.1179  density 0.5474  21s
dense_pow2_s2                step  1000  fit 2.9252  val 2.9224  density 0.5470  40s
dense_pow2_s2                step  1500  fit 2.7734  val 2.7660  density 0.5455  60s
dense_pow2_s2                step  2000  fit 2.6450  val 2.6529  density 0.5448  79s
dense_pow2_s2                step  2500  fit 2.5691  val 2.5771  density 0.5452  98s
dense_pow2_s2                step  3000  fit 2.5139  val 2.5301  density 0.5439  117s
dense_pow2_s2                step  3500  fit 2.4920  val 2.5119  density 0.5438  136s
dense_pow2_s2                step  4000  fit 2.4661  val 2.4530  density 0.5427  155s
dense_pow2_s2                step  4500  fit 2.4444  val 2.4503  density 0.5419  174s
dense_pow2_s2                step  5000  fit 2.4416  val 2.4400  density 0.5404  192s
dense_pow2_s2                step  5500  fit 2.4174  val 2.4222  density 0.5396  211s
dense_pow2_s2                step  6000  fit 2.3993  val 2.3969  density 0.5391  230s
dense_pow2_s2                step  6500  fit 2.3825  val 2.3972  density 0.5379  248s
dense_pow2_s2                step  7000  fit 2.3757  val 2.3920  density 0.5373  267s
dense_pow2_s2                step  7500  fit 2.3734  val 2.3875  density 0.5367  285s
dense_pow2_s2                step  8000  fit 2.3481  val 2.3428  density 0.5353  304s
dense_pow2_s2                step  8500  fit 2.3690  val 2.3718  density 0.5347  323s
dense_pow2_s2                step  9000  fit 2.3363  val 2.3308  density 0.5324  342s
dense_pow2_s2                step  9500  fit 2.3733  val 2.3734  density 0.5335  360s
dense_pow2_s2                step 10000  fit 2.3286  val 2.3366  density 0.5307  378s
dense_pow2_s2                step 10500  fit 2.3802  val 2.3655  density 0.5284  397s
dense_pow2_s2                step 11000  fit 2.3277  val 2.3260  density 0.5295  416s
dense_pow2_s2                step 11500  fit 2.3179  val 2.3157  density 0.5280  434s
dense_pow2_s2                step 12000  fit 2.2992  val 2.3128  density 0.5297  453s
dense_pow2_s2                step 12500  fit 2.3052  val 2.3146  density 0.5280  471s
dense_pow2_s2                step 13000  fit 2.3308  val 2.3453  density 0.5268  490s
dense_pow2_s2                step 13500  fit 2.3322  val 2.3144  density 0.5265  509s
dense_pow2_s2                step 14000  fit 2.3044  val 2.2967  density 0.5239  527s
dense_pow2_s2                step 14500  fit 2.3173  val 2.3238  density 0.5245  546s
dense_pow2_s2                step 15000  fit 2.2865  val 2.2875  density 0.5233  565s
dense_pow2_s2                step 15500  fit 2.3090  val 2.3023  density 0.5247  583s
dense_pow2_s2                step 16000  fit 2.3102  val 2.2918  density 0.5240  602s
dense_pow2_s2                step 16500  fit 2.3044  val 2.3006  density 0.5225  621s
dense_pow2_s2                step 17000  fit 2.2925  val 2.2923  density 0.5223  640s
dense_pow2_s2                step 17500  fit 2.2914  val 2.2907  density 0.5223  658s
dense_pow2_s2                step 18000  fit 2.3399  val 2.3242  density 0.5222  677s
dense_pow2_s2                step 18500  fit 2.3245  val 2.3363  density 0.5208  695s
dense_pow2_s2                step 19000  fit 2.2822  val 2.2790  density 0.5202  714s
dense_pow2_s2                step 19500  fit 2.2777  val 2.2727  density 0.5223  733s
dense_pow2_s2                step 20000  fit 2.2881  val 2.2761  density 0.5207  751s
dense_pow2_s2                step 20500  fit 2.2790  val 2.2859  density 0.5192  770s
dense_pow2_s2                step 21000  fit 2.3247  val 2.3291  density 0.5198  789s
dense_pow2_s2                step 21500  fit 2.2565  val 2.2703  density 0.5196  807s
dense_pow2_s2                step 22000  fit 2.2797  val 2.2826  density 0.5182  826s
dense_pow2_s2                step 22500  fit 2.2628  val 2.2698  density 0.5179  845s
dense_pow2_s2                step 23000  fit 2.2713  val 2.2816  density 0.5167  863s
dense_pow2_s2                step 23500  fit 2.2652  val 2.2782  density 0.5163  877s
dense_pow2_s2                step 24000  fit 2.2721  val 2.2823  density 0.5169  889s
dense_pow2_s2                step 24500  fit 2.2857  val 2.2947  density 0.5160  900s
dense_pow2_s2                step 25000  fit 2.2721  val 2.2803  density 0.5158  912s
dense_pow2_s2                step 25500  fit 2.2664  val 2.2708  density 0.5152  923s
dense_pow2_s2                step 26000  fit 2.2609  val 2.2798  density 0.5161  934s
dense_pow2_s2                step 26500  fit 2.2569  val 2.2724  density 0.5139  946s
dense_pow2_s2                step 27000  fit 2.2695  val 2.2864  density 0.5142  957s
dense_pow2_s2                step 27500  fit 2.2527  val 2.2644  density 0.5145  969s
dense_pow2_s2                step 28000  fit 2.2597  val 2.2825  density 0.5151  980s
dense_pow2_s2                step 28500  fit 2.2557  val 2.2531  density 0.5142  992s
dense_pow2_s2                step 29000  fit 2.2681  val 2.2511  density 0.5146  1004s
dense_pow2_s2                step 29500  fit 2.2365  val 2.2453  density 0.5135  1015s
dense_pow2_s2                step 30000  fit 2.2668  val 2.2579  density 0.5137  1026s
dense_pow2_s2                step 30500  fit 2.2690  val 2.2714  density 0.5133  1038s
dense_pow2_s2                step 31000  fit 2.2727  val 2.2786  density 0.5141  1049s
dense_pow2_s2                step 31500  fit 2.2261  val 2.2201  density 0.5140  1061s
dense_pow2_s2                step 32000  fit 2.2162  val 2.2356  density 0.5126  1072s
dense_pow2_s2                step 32500  fit 2.2495  val 2.2430  density 0.5104  1084s
dense_pow2_s2                step 33000  fit 2.2542  val 2.2643  density 0.5115  1095s
dense_pow2_s2                step 33500  fit 2.2730  val 2.2531  density 0.5121  1107s
dense_pow2_s2                step 34000  fit 2.2570  val 2.2742  density 0.5119  1119s
dense_pow2_s2                step 34500  fit 2.2555  val 2.2508  density 0.5126  1130s
dense_pow2_s2                step 35000  fit 2.2394  val 2.2380  density 0.5106  1141s
dense_pow2_s2                step 35500  fit 2.2483  val 2.2655  density 0.5113  1153s
dense_pow2_s2                step 36000  fit 2.2160  val 2.2410  density 0.5097  1164s
dense_pow2_s2                step 36500  fit 2.2345  val 2.2544  density 0.5112  1176s
dense_pow2_s2                step 37000  fit 2.2451  val 2.2486  density 0.5105  1187s
dense_pow2_s2                step 37500  fit 2.2250  val 2.2431  density 0.5105  1199s
dense_pow2_s2                step 38000  fit 2.2425  val 2.2484  density 0.5104  1210s
dense_pow2_s2                step 38500  fit 2.2616  val 2.2529  density 0.5107  1222s
dense_pow2_s2                step 39000  fit 2.2569  val 2.2487  density 0.5112  1233s
dense_pow2_s2                step 39500  fit 2.2244  val 2.2283  density 0.5095  1244s
dense_pow2_s2                step 40000  fit 2.2213  val 2.2381  density 0.5096  1256s
dense_pow2_s2                step 40500  fit 2.2576  val 2.2543  density 0.5096  1267s
dense_pow2_s2                step 41000  fit 2.2321  val 2.2421  density 0.5112  1279s
dense_pow2_s2                step 41500  fit 2.2572  val 2.2442  density 0.5097  1290s
dense_pow2_s2                step 42000  fit 2.2578  val 2.2481  density 0.5095  1302s
dense_pow2_s2                step 42500  fit 2.2318  val 2.2281  density 0.5088  1313s
dense_pow2_s2                step 43000  fit 2.2157  val 2.2296  density 0.5100  1325s
dense_pow2_s2                step 43500  fit 2.2634  val 2.2633  density 0.5087  1336s
dense_pow2_s2                step 44000  fit 2.2368  val 2.2496  density 0.5097  1348s
dense_pow2_s2                step 44500  fit 2.2301  val 2.2136  density 0.5088  1359s
dense_pow2_s2                step 45000  fit 2.2228  val 2.2180  density 0.5095  1371s
dense_pow2_s2                step 45500  fit 2.2077  val 2.2124  density 0.5093  1382s
dense_pow2_s2                step 46000  fit 2.2148  val 2.2272  density 0.5099  1394s
dense_pow2_s2                step 46500  fit 2.2314  val 2.2305  density 0.5085  1405s
dense_pow2_s2                step 47000  fit 2.2195  val 2.2225  density 0.5093  1417s
dense_pow2_s2                step 47500  fit 2.2122  val 2.2215  density 0.5104  1428s
dense_pow2_s2                step 48000  fit 2.2260  val 2.2200  density 0.5097  1440s
dense_pow2_s2                step 48500  fit 2.2275  val 2.2217  density 0.5082  1451s
dense_pow2_s2                step 49000  fit 2.2206  val 2.2193  density 0.5096  1463s
dense_pow2_s2                step 49500  fit 2.2231  val 2.2252  density 0.5087  1474s
dense_pow2_s2                step 50000  fit 2.2311  val 2.2367  density 0.5088  1486s
dense_pow2_s2                step 50500  fit 2.2278  val 2.2312  density 0.5079  1498s
dense_pow2_s2                step 51000  fit 2.2142  val 2.2164  density 0.5091  1509s
dense_pow2_s2                step 51500  fit 2.2360  val 2.2348  density 0.5085  1521s
dense_pow2_s2                step 52000  fit 2.2286  val 2.2333  density 0.5086  1532s
dense_pow2_s2                step 52500  fit 2.2207  val 2.2170  density 0.5098  1544s
dense_pow2_s2                step 53000  fit 2.2101  val 2.2208  density 0.5080  1555s
dense_pow2_s2                step 53500  fit 2.2027  val 2.2255  density 0.5091  1567s
dense_pow2_s2                step 54000  fit 2.2049  val 2.2089  density 0.5083  1578s
dense_pow2_s2                step 54500  fit 2.1986  val 2.2097  density 0.5090  1590s
dense_pow2_s2                step 55000  fit 2.2039  val 2.2082  density 0.5086  1601s
dense_pow2_s2                step 55500  fit 2.2116  val 2.2161  density 0.5086  1613s
dense_pow2_s2                step 56000  fit 2.1949  val 2.1970  density 0.5087  1624s
dense_pow2_s2                step 56500  fit 2.2005  val 2.1862  density 0.5089  1636s
dense_pow2_s2                step 57000  fit 2.1877  val 2.2114  density 0.5089  1647s
dense_pow2_s2                step 57500  fit 2.2010  val 2.1945  density 0.5079  1659s
dense_pow2_s2                step 58000  fit 2.1895  val 2.1855  density 0.5078  1671s
dense_pow2_s2                step 58500  fit 2.1689  val 2.1624  density 0.5079  1682s
dense_pow2_s2                step 59000  fit 2.1587  val 2.1527  density 0.5075  1694s
dense_pow2_s2                step 59500  fit 2.1530  val 2.1382  density 0.5079  1705s
dense_pow2_s2                step 60000  fit 2.0430  val 2.0567  density 0.5110  1717s
FINAL dense_pow2_s2            fit 2.0595  val 2.0491  (uniform 4.1589)  nnz 52325/102400 = 0.5110
