route bal   N=8  load 0.125 0.124 0.127 0.125 0.126 0.125 0.124 0.124  (max/min = 1.03)
n8_exact_s2                  step     1  fit 7.3823  val 7.4143  density 0.5510  2s
n8_exact_s2                  step   500  fit 2.9330  val 2.9349  density 0.5502  25s
n8_exact_s2                  step  1000  fit 2.6852  val 2.6833  density 0.5499  49s
n8_exact_s2                  step  1500  fit 2.4931  val 2.4802  density 0.5498  72s
n8_exact_s2                  step  2000  fit 2.3754  val 2.3928  density 0.5494  95s
n8_exact_s2                  step  2500  fit 2.3051  val 2.3110  density 0.5483  119s
n8_exact_s2                  step  3000  fit 2.2616  val 2.2778  density 0.5477  143s
n8_exact_s2                  step  3500  fit 2.2280  val 2.2442  density 0.5471  166s
n8_exact_s2                  step  4000  fit 2.1925  val 2.1858  density 0.5461  190s
n8_exact_s2                  step  4500  fit 2.1699  val 2.1724  density 0.5459  214s
n8_exact_s2                  step  5000  fit 2.1332  val 2.1399  density 0.5450  238s
n8_exact_s2                  step  5500  fit 2.1182  val 2.1263  density 0.5448  261s
n8_exact_s2                  step  6000  fit 2.1168  val 2.1122  density 0.5444  285s
n8_exact_s2                  step  6500  fit 2.0848  val 2.1033  density 0.5443  309s
n8_exact_s2                  step  7000  fit 2.0822  val 2.0900  density 0.5435  332s
n8_exact_s2                  step  7500  fit 2.0749  val 2.0842  density 0.5428  356s
n8_exact_s2                  step  8000  fit 2.0525  val 2.0597  density 0.5424  380s
n8_exact_s2                  step  8500  fit 2.0607  val 2.0696  density 0.5420  404s
n8_exact_s2                  step  9000  fit 2.0385  val 2.0366  density 0.5422  427s
n8_exact_s2                  step  9500  fit 2.0496  val 2.0497  density 0.5419  451s
n8_exact_s2                  step 10000  fit 2.0298  val 2.0331  density 0.5414  475s
n8_exact_s2                  step 10500  fit 2.0277  val 2.0141  density 0.5409  499s
n8_exact_s2                  step 11000  fit 2.0325  val 2.0355  density 0.5406  523s
n8_exact_s2                  step 11500  fit 2.0211  val 2.0118  density 0.5398  546s
n8_exact_s2                  step 12000  fit 1.9973  val 2.0108  density 0.5394  570s
n8_exact_s2                  step 12500  fit 2.0068  val 2.0181  density 0.5390  594s
n8_exact_s2                  step 13000  fit 1.9828  val 1.9895  density 0.5388  618s
n8_exact_s2                  step 13500  fit 1.9933  val 1.9812  density 0.5386  642s
n8_exact_s2                  step 14000  fit 1.9811  val 1.9703  density 0.5374  666s
n8_exact_s2                  step 14500  fit 1.9884  val 1.9941  density 0.5367  689s
n8_exact_s2                  step 15000  fit 1.9813  val 1.9816  density 0.5366  713s
n8_exact_s2                  step 15500  fit 1.9767  val 1.9633  density 0.5362  737s
n8_exact_s2                  step 16000  fit 1.9882  val 1.9679  density 0.5353  761s
n8_exact_s2                  step 16500  fit 1.9781  val 1.9781  density 0.5352  785s
n8_exact_s2                  step 17000  fit 1.9921  val 1.9931  density 0.5351  809s
n8_exact_s2                  step 17500  fit 1.9514  val 1.9471  density 0.5344  832s
n8_exact_s2                  step 18000  fit 1.9524  val 1.9398  density 0.5343  856s
n8_exact_s2                  step 18500  fit 1.9522  val 1.9664  density 0.5338  876s
n8_exact_s2                  step 19000  fit 1.9605  val 1.9525  density 0.5335  893s
n8_exact_s2                  step 19500  fit 1.9671  val 1.9554  density 0.5328  909s
n8_exact_s2                  step 20000  fit 1.9514  val 1.9459  density 0.5327  925s
n8_exact_s2                  step 20500  fit 1.9376  val 1.9463  density 0.5329  941s
n8_exact_s2                  step 21000  fit 1.9443  val 1.9476  density 0.5327  957s
n8_exact_s2                  step 21500  fit 1.9210  val 1.9288  density 0.5317  973s
n8_exact_s2                  step 22000  fit 1.9476  val 1.9445  density 0.5312  990s
n8_exact_s2                  step 22500  fit 1.9366  val 1.9422  density 0.5309  1006s
n8_exact_s2                  step 23000  fit 1.9243  val 1.9244  density 0.5306  1022s
n8_exact_s2                  step 23500  fit 1.9179  val 1.9354  density 0.5304  1038s
n8_exact_s2                  step 24000  fit 1.9255  val 1.9370  density 0.5303  1055s
n8_exact_s2                  step 24500  fit 1.9208  val 1.9212  density 0.5293  1071s
n8_exact_s2                  step 25000  fit 1.9130  val 1.9200  density 0.5292  1087s
n8_exact_s2                  step 25500  fit 1.9258  val 1.9258  density 0.5291  1103s
n8_exact_s2                  step 26000  fit 1.9279  val 1.9346  density 0.5292  1120s
n8_exact_s2                  step 26500  fit 1.9075  val 1.9293  density 0.5289  1136s
n8_exact_s2                  step 27000  fit 1.9108  val 1.9246  density 0.5282  1152s
n8_exact_s2                  step 27500  fit 1.9073  val 1.9204  density 0.5280  1168s
n8_exact_s2                  step 28000  fit 1.8987  val 1.9184  density 0.5278  1184s
n8_exact_s2                  step 28500  fit 1.9241  val 1.9289  density 0.5273  1200s
n8_exact_s2                  step 29000  fit 1.9376  val 1.9216  density 0.5274  1217s
n8_exact_s2                  step 29500  fit 1.9069  val 1.9111  density 0.5270  1233s
n8_exact_s2                  step 30000  fit 1.9053  val 1.9006  density 0.5268  1249s
n8_exact_s2                  step 30500  fit 1.9079  val 1.9116  density 0.5266  1265s
n8_exact_s2                  step 31000  fit 1.9151  val 1.9183  density 0.5263  1281s
n8_exact_s2                  step 31500  fit 1.9017  val 1.8982  density 0.5256  1298s
n8_exact_s2                  step 32000  fit 1.8752  val 1.8993  density 0.5254  1314s
n8_exact_s2                  step 32500  fit 1.9007  val 1.8998  density 0.5255  1330s
n8_exact_s2                  step 33000  fit 1.9218  val 1.9288  density 0.5258  1346s
n8_exact_s2                  step 33500  fit 1.9005  val 1.8842  density 0.5250  1362s
n8_exact_s2                  step 34000  fit 1.8927  val 1.9002  density 0.5248  1379s
n8_exact_s2                  step 34500  fit 1.8899  val 1.8889  density 0.5250  1395s
n8_exact_s2                  step 35000  fit 1.8769  val 1.8822  density 0.5244  1411s
n8_exact_s2                  step 35500  fit 1.8852  val 1.9024  density 0.5244  1427s
n8_exact_s2                  step 36000  fit 1.8766  val 1.8978  density 0.5242  1444s
n8_exact_s2                  step 36500  fit 1.8758  val 1.8996  density 0.5241  1460s
n8_exact_s2                  step 37000  fit 1.8768  val 1.8791  density 0.5241  1476s
n8_exact_s2                  step 37500  fit 1.8957  val 1.9101  density 0.5239  1492s
n8_exact_s2                  step 38000  fit 1.8828  val 1.8906  density 0.5240  1508s
n8_exact_s2                  step 38500  fit 1.8878  val 1.8833  density 0.5244  1525s
n8_exact_s2                  step 39000  fit 1.8856  val 1.8885  density 0.5239  1541s
n8_exact_s2                  step 39500  fit 1.8797  val 1.8784  density 0.5238  1557s
n8_exact_s2                  step 40000  fit 1.8694  val 1.8785  density 0.5237  1573s
n8_exact_s2                  step 40500  fit 1.8848  val 1.8777  density 0.5234  1590s
n8_exact_s2                  step 41000  fit 1.8774  val 1.8845  density 0.5230  1606s
n8_exact_s2                  step 41500  fit 1.8950  val 1.8958  density 0.5229  1622s
n8_exact_s2                  step 42000  fit 1.8831  val 1.8733  density 0.5229  1638s
n8_exact_s2                  step 42500  fit 1.8782  val 1.8747  density 0.5231  1655s
n8_exact_s2                  step 43000  fit 1.8750  val 1.8918  density 0.5225  1671s
n8_exact_s2                  step 43500  fit 1.8809  val 1.8758  density 0.5227  1687s
n8_exact_s2                  step 44000  fit 1.8820  val 1.8947  density 0.5229  1703s
n8_exact_s2                  step 44500  fit 1.8696  val 1.8490  density 0.5227  1719s
n8_exact_s2                  step 45000  fit 1.8664  val 1.8654  density 0.5226  1733s
n8_exact_s2                  step 45500  fit 1.8662  val 1.8675  density 0.5228  1747s
n8_exact_s2                  step 46000  fit 1.8484  val 1.8618  density 0.5231  1760s
n8_exact_s2                  step 46500  fit 1.8602  val 1.8629  density 0.5227  1774s
n8_exact_s2                  step 47000  fit 1.8716  val 1.8885  density 0.5226  1788s
n8_exact_s2                  step 47500  fit 1.8481  val 1.8643  density 0.5228  1802s
n8_exact_s2                  step 48000  fit 1.8529  val 1.8523  density 0.5228  1816s
n8_exact_s2                  step 48500  fit 1.8625  val 1.8636  density 0.5225  1829s
n8_exact_s2                  step 49000  fit 1.8643  val 1.8660  density 0.5226  1843s
n8_exact_s2                  step 49500  fit 1.8534  val 1.8655  density 0.5224  1857s
n8_exact_s2                  step 50000  fit 1.8406  val 1.8502  density 0.5227  1871s
n8_exact_s2                  step 50500  fit 1.8639  val 1.8638  density 0.5226  1884s
n8_exact_s2                  step 51000  fit 1.8707  val 1.8782  density 0.5226  1898s
n8_exact_s2                  step 51500  fit 1.8427  val 1.8370  density 0.5225  1912s
n8_exact_s2                  step 52000  fit 1.8594  val 1.8571  density 0.5227  1926s
n8_exact_s2                  step 52500  fit 1.8579  val 1.8568  density 0.5226  1940s
n8_exact_s2                  step 53000  fit 1.8310  val 1.8569  density 0.5231  1953s
n8_exact_s2                  step 53500  fit 1.8379  val 1.8601  density 0.5228  1967s
n8_exact_s2                  step 54000  fit 1.8555  val 1.8521  density 0.5226  1981s
n8_exact_s2                  step 54500  fit 1.8397  val 1.8506  density 0.5231  1995s
n8_exact_s2                  step 55000  fit 1.8539  val 1.8617  density 0.5228  2008s
n8_exact_s2                  step 55500  fit 1.8230  val 1.8300  density 0.5224  2022s
n8_exact_s2                  step 56000  fit 1.8439  val 1.8428  density 0.5227  2036s
n8_exact_s2                  step 56500  fit 1.8359  val 1.8239  density 0.5224  2050s
n8_exact_s2                  step 57000  fit 1.8248  val 1.8425  density 0.5225  2064s
n8_exact_s2                  step 57500  fit 1.8324  val 1.8291  density 0.5220  2077s
n8_exact_s2                  step 58000  fit 1.8242  val 1.8187  density 0.5222  2091s
n8_exact_s2                  step 58500  fit 1.8000  val 1.7993  density 0.5222  2105s
n8_exact_s2                  step 59000  fit 1.8028  val 1.8014  density 0.5222  2119s
n8_exact_s2                  step 59500  fit 1.7925  val 1.7774  density 0.5220  2133s
n8_exact_s2                  step 60000  fit 1.7239  val 1.7421  density 0.5225  2147s
FINAL n8_exact_s2              fit 1.7391  val 1.7296  (uniform 4.1589)  nnz 233299/446464 = 0.5225
