route bal   N=8  load 0.125 0.124 0.127 0.125 0.126 0.125 0.124 0.124  (max/min = 1.03)
n8_pow2_s1                   step     1  fit 7.5804  val 7.6014  density 0.5511  2s
n8_pow2_s1                   step   500  fit 2.9703  val 2.9707  density 0.5506  38s
n8_pow2_s1                   step  1000  fit 2.7448  val 2.7425  density 0.5499  74s
n8_pow2_s1                   step  1500  fit 2.5330  val 2.5211  density 0.5494  110s
n8_pow2_s1                   step  2000  fit 2.4162  val 2.4245  density 0.5489  146s
n8_pow2_s1                   step  2500  fit 2.3489  val 2.3489  density 0.5479  182s
n8_pow2_s1                   step  3000  fit 2.2877  val 2.3021  density 0.5474  217s
n8_pow2_s1                   step  3500  fit 2.2597  val 2.2782  density 0.5469  253s
n8_pow2_s1                   step  4000  fit 2.2382  val 2.2293  density 0.5460  289s
n8_pow2_s1                   step  4500  fit 2.2024  val 2.2058  density 0.5454  325s
n8_pow2_s1                   step  5000  fit 2.2067  val 2.2039  density 0.5447  361s
n8_pow2_s1                   step  5500  fit 2.1756  val 2.1843  density 0.5443  397s
n8_pow2_s1                   step  6000  fit 2.1585  val 2.1511  density 0.5439  432s
n8_pow2_s1                   step  6500  fit 2.1431  val 2.1587  density 0.5433  468s
n8_pow2_s1                   step  7000  fit 2.1324  val 2.1394  density 0.5429  503s
n8_pow2_s1                   step  7500  fit 2.1255  val 2.1416  density 0.5420  539s
n8_pow2_s1                   step  8000  fit 2.1018  val 2.1083  density 0.5417  575s
n8_pow2_s1                   step  8500  fit 2.1057  val 2.1101  density 0.5415  610s
n8_pow2_s1                   step  9000  fit 2.0924  val 2.0847  density 0.5402  646s
n8_pow2_s1                   step  9500  fit 2.0905  val 2.0960  density 0.5396  682s
n8_pow2_s1                   step 10000  fit 2.0796  val 2.0818  density 0.5391  718s
n8_pow2_s1                   step 10500  fit 2.0825  val 2.0702  density 0.5388  754s
n8_pow2_s1                   step 11000  fit 2.0687  val 2.0597  density 0.5385  789s
n8_pow2_s1                   step 11500  fit 2.0639  val 2.0479  density 0.5383  825s
n8_pow2_s1                   step 12000  fit 2.0480  val 2.0583  density 0.5376  861s
n8_pow2_s1                   step 12500  fit 2.0505  val 2.0713  density 0.5375  890s
n8_pow2_s1                   step 13000  fit 2.0299  val 2.0440  density 0.5360  911s
n8_pow2_s1                   step 13500  fit 2.0540  val 2.0366  density 0.5357  933s
n8_pow2_s1                   step 14000  fit 2.0451  val 2.0391  density 0.5352  955s
n8_pow2_s1                   step 14500  fit 2.0353  val 2.0421  density 0.5345  977s
n8_pow2_s1                   step 15000  fit 2.0260  val 2.0242  density 0.5349  999s
n8_pow2_s1                   step 15500  fit 2.0207  val 2.0099  density 0.5343  1020s
n8_pow2_s1                   step 16000  fit 2.0368  val 2.0206  density 0.5331  1042s
n8_pow2_s1                   step 16500  fit 2.0328  val 2.0291  density 0.5335  1064s
n8_pow2_s1                   step 17000  fit 2.0081  val 2.0144  density 0.5329  1085s
n8_pow2_s1                   step 17500  fit 2.0087  val 2.0092  density 0.5324  1107s
n8_pow2_s1                   step 18000  fit 2.0241  val 2.0103  density 0.5320  1129s
n8_pow2_s1                   step 18500  fit 2.0064  val 2.0190  density 0.5313  1151s
n8_pow2_s1                   step 19000  fit 2.0159  val 2.0051  density 0.5311  1172s
n8_pow2_s1                   step 19500  fit 2.0285  val 2.0222  density 0.5309  1194s
n8_pow2_s1                   step 20000  fit 2.0018  val 2.0035  density 0.5303  1216s
n8_pow2_s1                   step 20500  fit 2.0077  val 2.0130  density 0.5298  1238s
n8_pow2_s1                   step 21000  fit 2.0167  val 2.0198  density 0.5297  1259s
n8_pow2_s1                   step 21500  fit 1.9696  val 1.9843  density 0.5292  1281s
n8_pow2_s1                   step 22000  fit 1.9953  val 1.9910  density 0.5291  1303s
n8_pow2_s1                   step 22500  fit 1.9863  val 1.9965  density 0.5290  1325s
n8_pow2_s1                   step 23000  fit 2.0036  val 1.9995  density 0.5287  1347s
n8_pow2_s1                   step 23500  fit 1.9674  val 1.9879  density 0.5280  1368s
n8_pow2_s1                   step 24000  fit 1.9730  val 1.9777  density 0.5280  1390s
n8_pow2_s1                   step 24500  fit 1.9846  val 1.9928  density 0.5277  1412s
n8_pow2_s1                   step 25000  fit 1.9679  val 1.9732  density 0.5275  1433s
n8_pow2_s1                   step 25500  fit 1.9738  val 1.9771  density 0.5269  1455s
n8_pow2_s1                   step 26000  fit 1.9732  val 1.9809  density 0.5268  1477s
n8_pow2_s1                   step 26500  fit 1.9670  val 1.9881  density 0.5261  1499s
n8_pow2_s1                   step 27000  fit 1.9516  val 1.9698  density 0.5260  1521s
n8_pow2_s1                   step 27500  fit 1.9712  val 1.9852  density 0.5258  1542s
n8_pow2_s1                   step 28000  fit 1.9554  val 1.9766  density 0.5252  1564s
n8_pow2_s1                   step 28500  fit 1.9646  val 1.9663  density 0.5256  1586s
n8_pow2_s1                   step 29000  fit 1.9783  val 1.9632  density 0.5252  1608s
n8_pow2_s1                   step 29500  fit 1.9663  val 1.9685  density 0.5249  1629s
n8_pow2_s1                   step 30000  fit 1.9761  val 1.9607  density 0.5253  1651s
n8_pow2_s1                   step 30500  fit 1.9647  val 1.9722  density 0.5249  1673s
n8_pow2_s1                   step 31000  fit 1.9609  val 1.9650  density 0.5250  1695s
n8_pow2_s1                   step 31500  fit 1.9530  val 1.9475  density 0.5247  1715s
n8_pow2_s1                   step 32000  fit 1.9384  val 1.9656  density 0.5243  1731s
n8_pow2_s1                   step 32500  fit 1.9562  val 1.9599  density 0.5247  1748s
n8_pow2_s1                   step 33000  fit 1.9645  val 1.9741  density 0.5243  1764s
n8_pow2_s1                   step 33500  fit 1.9463  val 1.9274  density 0.5237  1781s
n8_pow2_s1                   step 34000  fit 1.9544  val 1.9625  density 0.5242  1797s
n8_pow2_s1                   step 34500  fit 1.9449  val 1.9380  density 0.5236  1813s
n8_pow2_s1                   step 35000  fit 1.9469  val 1.9488  density 0.5238  1830s
n8_pow2_s1                   step 35500  fit 1.9491  val 1.9547  density 0.5234  1847s
n8_pow2_s1                   step 36000  fit 1.9276  val 1.9536  density 0.5235  1863s
n8_pow2_s1                   step 36500  fit 1.9276  val 1.9483  density 0.5233  1880s
n8_pow2_s1                   step 37000  fit 1.9391  val 1.9417  density 0.5224  1897s
n8_pow2_s1                   step 37500  fit 1.9481  val 1.9605  density 0.5228  1913s
n8_pow2_s1                   step 38000  fit 1.9305  val 1.9331  density 0.5225  1930s
n8_pow2_s1                   step 38500  fit 1.9410  val 1.9310  density 0.5229  1946s
n8_pow2_s1                   step 39000  fit 1.9338  val 1.9369  density 0.5227  1963s
n8_pow2_s1                   step 39500  fit 1.9376  val 1.9426  density 0.5222  1979s
n8_pow2_s1                   step 40000  fit 1.9208  val 1.9251  density 0.5222  1996s
n8_pow2_s1                   step 40500  fit 1.9369  val 1.9214  density 0.5221  2012s
n8_pow2_s1                   step 41000  fit 1.9320  val 1.9410  density 0.5223  2029s
n8_pow2_s1                   step 41500  fit 1.9383  val 1.9343  density 0.5224  2045s
n8_pow2_s1                   step 42000  fit 1.9384  val 1.9280  density 0.5216  2062s
n8_pow2_s1                   step 42500  fit 1.9186  val 1.9142  density 0.5219  2078s
n8_pow2_s1                   step 43000  fit 1.9296  val 1.9496  density 0.5215  2094s
n8_pow2_s1                   step 43500  fit 1.9343  val 1.9265  density 0.5214  2111s
n8_pow2_s1                   step 44000  fit 1.9366  val 1.9370  density 0.5217  2128s
n8_pow2_s1                   step 44500  fit 1.9371  val 1.9206  density 0.5211  2144s
n8_pow2_s1                   step 45000  fit 1.9282  val 1.9263  density 0.5215  2160s
n8_pow2_s1                   step 45500  fit 1.9110  val 1.9106  density 0.5211  2173s
n8_pow2_s1                   step 46000  fit 1.9061  val 1.9198  density 0.5210  2186s
n8_pow2_s1                   step 46500  fit 1.9181  val 1.9204  density 0.5211  2199s
n8_pow2_s1                   step 47000  fit 1.9090  val 1.9206  density 0.5211  2212s
n8_pow2_s1                   step 47500  fit 1.9109  val 1.9171  density 0.5213  2225s
n8_pow2_s1                   step 48000  fit 1.9028  val 1.8998  density 0.5212  2238s
n8_pow2_s1                   step 48500  fit 1.9155  val 1.9152  density 0.5212  2251s
n8_pow2_s1                   step 49000  fit 1.9211  val 1.9206  density 0.5214  2264s
n8_pow2_s1                   step 49500  fit 1.9059  val 1.9099  density 0.5212  2277s
n8_pow2_s1                   step 50000  fit 1.9145  val 1.9157  density 0.5210  2290s
n8_pow2_s1                   step 50500  fit 1.9245  val 1.9261  density 0.5207  2303s
n8_pow2_s1                   step 51000  fit 1.9190  val 1.9257  density 0.5211  2316s
n8_pow2_s1                   step 51500  fit 1.9055  val 1.8990  density 0.5208  2329s
n8_pow2_s1                   step 52000  fit 1.9181  val 1.9167  density 0.5204  2342s
n8_pow2_s1                   step 52500  fit 1.9114  val 1.9022  density 0.5208  2355s
n8_pow2_s1                   step 53000  fit 1.8812  val 1.9041  density 0.5208  2368s
n8_pow2_s1                   step 53500  fit 1.8925  val 1.9150  density 0.5208  2381s
n8_pow2_s1                   step 54000  fit 1.9070  val 1.9043  density 0.5205  2394s
n8_pow2_s1                   step 54500  fit 1.8798  val 1.8892  density 0.5203  2407s
n8_pow2_s1                   step 55000  fit 1.9126  val 1.9057  density 0.5202  2420s
n8_pow2_s1                   step 55500  fit 1.8837  val 1.8963  density 0.5205  2433s
n8_pow2_s1                   step 56000  fit 1.8947  val 1.8956  density 0.5203  2446s
n8_pow2_s1                   step 56500  fit 1.8963  val 1.8899  density 0.5207  2459s
n8_pow2_s1                   step 57000  fit 1.8827  val 1.9029  density 0.5203  2472s
n8_pow2_s1                   step 57500  fit 1.8794  val 1.8734  density 0.5205  2485s
n8_pow2_s1                   step 58000  fit 1.8787  val 1.8759  density 0.5204  2498s
n8_pow2_s1                   step 58500  fit 1.8634  val 1.8595  density 0.5204  2511s
n8_pow2_s1                   step 59000  fit 1.8503  val 1.8489  density 0.5199  2524s
n8_pow2_s1                   step 59500  fit 1.8512  val 1.8353  density 0.5200  2537s
n8_pow2_s1                   step 60000  fit 1.7689  val 1.7832  density 0.5204  2550s
FINAL n8_pow2_s1               fit 1.7845  val 1.7738  (uniform 4.1589)  nnz 232339/446464 = 0.5204
