route bal   N=8  load 0.125 0.124 0.127 0.125 0.126 0.125 0.124 0.124  (max/min = 1.03)
n8_pow2_s2                   step     1  fit 7.4984  val 7.5274  density 0.5510  2s
n8_pow2_s2                   step   500  fit 2.9721  val 2.9679  density 0.5502  38s
n8_pow2_s2                   step  1000  fit 2.7511  val 2.7486  density 0.5497  74s
n8_pow2_s2                   step  1500  fit 2.5518  val 2.5479  density 0.5493  111s
n8_pow2_s2                   step  2000  fit 2.4289  val 2.4471  density 0.5485  147s
n8_pow2_s2                   step  2500  fit 2.3504  val 2.3510  density 0.5477  183s
n8_pow2_s2                   step  3000  fit 2.3057  val 2.3135  density 0.5476  219s
n8_pow2_s2                   step  3500  fit 2.2690  val 2.2895  density 0.5462  255s
n8_pow2_s2                   step  4000  fit 2.2483  val 2.2416  density 0.5454  291s
n8_pow2_s2                   step  4500  fit 2.2083  val 2.2110  density 0.5453  327s
n8_pow2_s2                   step  5000  fit 2.1994  val 2.1921  density 0.5450  363s
n8_pow2_s2                   step  5500  fit 2.1881  val 2.1918  density 0.5442  400s
n8_pow2_s2                   step  6000  fit 2.1730  val 2.1737  density 0.5440  436s
n8_pow2_s2                   step  6500  fit 2.1447  val 2.1625  density 0.5433  471s
n8_pow2_s2                   step  7000  fit 2.1298  val 2.1363  density 0.5427  507s
n8_pow2_s2                   step  7500  fit 2.1269  val 2.1390  density 0.5425  543s
n8_pow2_s2                   step  8000  fit 2.1169  val 2.1251  density 0.5412  579s
n8_pow2_s2                   step  8500  fit 2.1015  val 2.1059  density 0.5413  615s
n8_pow2_s2                   step  9000  fit 2.0996  val 2.0934  density 0.5405  651s
n8_pow2_s2                   step  9500  fit 2.1086  val 2.1145  density 0.5404  687s
n8_pow2_s2                   step 10000  fit 2.0902  val 2.1003  density 0.5399  722s
n8_pow2_s2                   step 10500  fit 2.0807  val 2.0707  density 0.5391  758s
n8_pow2_s2                   step 11000  fit 2.0856  val 2.0845  density 0.5384  794s
n8_pow2_s2                   step 11500  fit 2.0594  val 2.0583  density 0.5380  829s
n8_pow2_s2                   step 12000  fit 2.0501  val 2.0647  density 0.5380  865s
n8_pow2_s2                   step 12500  fit 2.0572  val 2.0749  density 0.5374  888s
n8_pow2_s2                   step 13000  fit 2.0427  val 2.0535  density 0.5365  910s
n8_pow2_s2                   step 13500  fit 2.0640  val 2.0483  density 0.5359  932s
n8_pow2_s2                   step 14000  fit 2.0395  val 2.0333  density 0.5359  953s
n8_pow2_s2                   step 14500  fit 2.0416  val 2.0448  density 0.5349  975s
n8_pow2_s2                   step 15000  fit 2.0314  val 2.0275  density 0.5349  996s
n8_pow2_s2                   step 15500  fit 2.0535  val 2.0405  density 0.5339  1018s
n8_pow2_s2                   step 16000  fit 2.0374  val 2.0229  density 0.5339  1039s
n8_pow2_s2                   step 16500  fit 2.0477  val 2.0452  density 0.5333  1061s
n8_pow2_s2                   step 17000  fit 2.0286  val 2.0323  density 0.5326  1082s
n8_pow2_s2                   step 17500  fit 2.0062  val 2.0077  density 0.5327  1104s
n8_pow2_s2                   step 18000  fit 2.0374  val 2.0217  density 0.5326  1125s
n8_pow2_s2                   step 18500  fit 2.0140  val 2.0292  density 0.5321  1146s
n8_pow2_s2                   step 19000  fit 2.0235  val 2.0139  density 0.5314  1168s
n8_pow2_s2                   step 19500  fit 2.0220  val 2.0140  density 0.5310  1189s
n8_pow2_s2                   step 20000  fit 2.0067  val 2.0073  density 0.5306  1211s
n8_pow2_s2                   step 20500  fit 1.9951  val 1.9961  density 0.5303  1232s
n8_pow2_s2                   step 21000  fit 2.0272  val 2.0282  density 0.5298  1254s
n8_pow2_s2                   step 21500  fit 1.9722  val 1.9792  density 0.5297  1275s
n8_pow2_s2                   step 22000  fit 1.9894  val 1.9904  density 0.5288  1297s
n8_pow2_s2                   step 22500  fit 1.9909  val 2.0047  density 0.5285  1318s
n8_pow2_s2                   step 23000  fit 1.9848  val 1.9870  density 0.5282  1340s
n8_pow2_s2                   step 23500  fit 1.9788  val 1.9922  density 0.5285  1361s
n8_pow2_s2                   step 24000  fit 1.9998  val 2.0048  density 0.5279  1383s
n8_pow2_s2                   step 24500  fit 1.9888  val 1.9920  density 0.5276  1404s
n8_pow2_s2                   step 25000  fit 1.9859  val 1.9897  density 0.5272  1425s
n8_pow2_s2                   step 25500  fit 1.9820  val 1.9848  density 0.5267  1447s
n8_pow2_s2                   step 26000  fit 1.9881  val 1.9994  density 0.5262  1469s
n8_pow2_s2                   step 26500  fit 1.9648  val 1.9962  density 0.5259  1490s
n8_pow2_s2                   step 27000  fit 1.9618  val 1.9785  density 0.5252  1511s
n8_pow2_s2                   step 27500  fit 1.9640  val 1.9802  density 0.5252  1533s
n8_pow2_s2                   step 28000  fit 1.9758  val 1.9995  density 0.5254  1555s
n8_pow2_s2                   step 28500  fit 1.9796  val 1.9853  density 0.5249  1576s
n8_pow2_s2                   step 29000  fit 1.9920  val 1.9796  density 0.5251  1597s
n8_pow2_s2                   step 29500  fit 1.9635  val 1.9673  density 0.5243  1619s
n8_pow2_s2                   step 30000  fit 1.9819  val 1.9711  density 0.5242  1640s
n8_pow2_s2                   step 30500  fit 1.9708  val 1.9701  density 0.5237  1662s
n8_pow2_s2                   step 31000  fit 1.9667  val 1.9641  density 0.5242  1683s
n8_pow2_s2                   step 31500  fit 1.9718  val 1.9641  density 0.5239  1705s
n8_pow2_s2                   step 32000  fit 1.9506  val 1.9669  density 0.5238  1724s
n8_pow2_s2                   step 32500  fit 1.9559  val 1.9562  density 0.5231  1740s
n8_pow2_s2                   step 33000  fit 1.9665  val 1.9749  density 0.5233  1756s
n8_pow2_s2                   step 33500  fit 1.9678  val 1.9494  density 0.5233  1773s
n8_pow2_s2                   step 34000  fit 1.9614  val 1.9651  density 0.5227  1789s
n8_pow2_s2                   step 34500  fit 1.9553  val 1.9526  density 0.5228  1805s
n8_pow2_s2                   step 35000  fit 1.9516  val 1.9522  density 0.5223  1821s
n8_pow2_s2                   step 35500  fit 1.9487  val 1.9597  density 0.5224  1838s
n8_pow2_s2                   step 36000  fit 1.9468  val 1.9632  density 0.5220  1854s
n8_pow2_s2                   step 36500  fit 1.9419  val 1.9661  density 0.5218  1870s
n8_pow2_s2                   step 37000  fit 1.9341  val 1.9346  density 0.5217  1886s
n8_pow2_s2                   step 37500  fit 1.9416  val 1.9626  density 0.5215  1903s
n8_pow2_s2                   step 38000  fit 1.9394  val 1.9538  density 0.5215  1919s
n8_pow2_s2                   step 38500  fit 1.9530  val 1.9521  density 0.5217  1936s
n8_pow2_s2                   step 39000  fit 1.9451  val 1.9476  density 0.5214  1952s
n8_pow2_s2                   step 39500  fit 1.9464  val 1.9461  density 0.5215  1968s
n8_pow2_s2                   step 40000  fit 1.9423  val 1.9459  density 0.5211  1984s
n8_pow2_s2                   step 40500  fit 1.9475  val 1.9386  density 0.5213  2001s
n8_pow2_s2                   step 41000  fit 1.9355  val 1.9497  density 0.5214  2017s
n8_pow2_s2                   step 41500  fit 1.9537  val 1.9485  density 0.5205  2033s
n8_pow2_s2                   step 42000  fit 1.9463  val 1.9339  density 0.5203  2050s
n8_pow2_s2                   step 42500  fit 1.9381  val 1.9240  density 0.5207  2066s
n8_pow2_s2                   step 43000  fit 1.9243  val 1.9464  density 0.5207  2082s
n8_pow2_s2                   step 43500  fit 1.9328  val 1.9341  density 0.5209  2098s
n8_pow2_s2                   step 44000  fit 1.9408  val 1.9452  density 0.5204  2115s
n8_pow2_s2                   step 44500  fit 1.9417  val 1.9174  density 0.5208  2131s
n8_pow2_s2                   step 45000  fit 1.9423  val 1.9371  density 0.5205  2148s
n8_pow2_s2                   step 45500  fit 1.9118  val 1.9114  density 0.5208  2160s
n8_pow2_s2                   step 46000  fit 1.9166  val 1.9296  density 0.5201  2173s
n8_pow2_s2                   step 46500  fit 1.9385  val 1.9307  density 0.5204  2186s
n8_pow2_s2                   step 47000  fit 1.9156  val 1.9266  density 0.5205  2199s
n8_pow2_s2                   step 47500  fit 1.9104  val 1.9209  density 0.5206  2212s
n8_pow2_s2                   step 48000  fit 1.9266  val 1.9207  density 0.5200  2225s
n8_pow2_s2                   step 48500  fit 1.9233  val 1.9304  density 0.5199  2237s
n8_pow2_s2                   step 49000  fit 1.9250  val 1.9251  density 0.5200  2250s
n8_pow2_s2                   step 49500  fit 1.9215  val 1.9220  density 0.5200  2263s
n8_pow2_s2                   step 50000  fit 1.9150  val 1.9220  density 0.5199  2275s
n8_pow2_s2                   step 50500  fit 1.9175  val 1.9187  density 0.5198  2288s
n8_pow2_s2                   step 51000  fit 1.9049  val 1.9143  density 0.5196  2301s
n8_pow2_s2                   step 51500  fit 1.9183  val 1.9080  density 0.5199  2314s
n8_pow2_s2                   step 52000  fit 1.9208  val 1.9251  density 0.5199  2327s
n8_pow2_s2                   step 52500  fit 1.9100  val 1.9034  density 0.5197  2340s
n8_pow2_s2                   step 53000  fit 1.8910  val 1.9124  density 0.5198  2353s
n8_pow2_s2                   step 53500  fit 1.8981  val 1.9164  density 0.5197  2366s
n8_pow2_s2                   step 54000  fit 1.9179  val 1.9266  density 0.5199  2379s
n8_pow2_s2                   step 54500  fit 1.8946  val 1.9022  density 0.5199  2391s
n8_pow2_s2                   step 55000  fit 1.9103  val 1.9074  density 0.5197  2404s
n8_pow2_s2                   step 55500  fit 1.8793  val 1.8927  density 0.5199  2417s
n8_pow2_s2                   step 56000  fit 1.8984  val 1.9017  density 0.5195  2430s
n8_pow2_s2                   step 56500  fit 1.9011  val 1.8920  density 0.5194  2443s
n8_pow2_s2                   step 57000  fit 1.8950  val 1.9135  density 0.5191  2456s
n8_pow2_s2                   step 57500  fit 1.8831  val 1.8752  density 0.5192  2468s
n8_pow2_s2                   step 58000  fit 1.8971  val 1.8893  density 0.5192  2481s
n8_pow2_s2                   step 58500  fit 1.8694  val 1.8612  density 0.5189  2494s
n8_pow2_s2                   step 59000  fit 1.8613  val 1.8581  density 0.5191  2507s
n8_pow2_s2                   step 59500  fit 1.8586  val 1.8346  density 0.5190  2519s
n8_pow2_s2                   step 60000  fit 1.7697  val 1.7863  density 0.5196  2533s
FINAL n8_pow2_s2               fit 1.7892  val 1.7766  (uniform 4.1589)  nnz 231989/446464 = 0.5196
