ctx_T20_pow2_s2              step     1  fit 7.6969  val 7.7084  density 0.5491  4s
ctx_T20_pow2_s2              step   500  fit 3.1261  val 3.1259  density 0.5469  51s
ctx_T20_pow2_s2              step  1000  fit 2.9191  val 2.9234  density 0.5471  98s
ctx_T20_pow2_s2              step  1500  fit 2.7537  val 2.7487  density 0.5459  145s
ctx_T20_pow2_s2              step  2000  fit 2.6398  val 2.6485  density 0.5468  190s
ctx_T20_pow2_s2              step  2500  fit 2.5694  val 2.5745  density 0.5450  231s
ctx_T20_pow2_s2              step  3000  fit 2.5296  val 2.5430  density 0.5441  276s
ctx_T20_pow2_s2              step  3500  fit 2.4884  val 2.5072  density 0.5433  320s
ctx_T20_pow2_s2              step  4000  fit 2.4890  val 2.4805  density 0.5414  364s
ctx_T20_pow2_s2              step  4500  fit 2.4467  val 2.4495  density 0.5412  408s
ctx_T20_pow2_s2              step  5000  fit 2.4212  val 2.4159  density 0.5404  452s
ctx_T20_pow2_s2              step  5500  fit 2.4234  val 2.4311  density 0.5385  496s
ctx_T20_pow2_s2              step  6000  fit 2.4237  val 2.4178  density 0.5382  540s
ctx_T20_pow2_s2              step  6500  fit 2.3995  val 2.4149  density 0.5382  583s
ctx_T20_pow2_s2              step  7000  fit 2.3882  val 2.3928  density 0.5377  627s
ctx_T20_pow2_s2              step  7500  fit 2.3602  val 2.3731  density 0.5364  670s
ctx_T20_pow2_s2              step  8000  fit 2.3770  val 2.3749  density 0.5372  714s
ctx_T20_pow2_s2              step  8500  fit 2.3629  val 2.3621  density 0.5369  758s
ctx_T20_pow2_s2              step  9000  fit 2.3688  val 2.3586  density 0.5368  801s
ctx_T20_pow2_s2              step  9500  fit 2.3665  val 2.3689  density 0.5361  845s
ctx_T20_pow2_s2              step 10000  fit 2.3628  val 2.3741  density 0.5353  888s
ctx_T20_pow2_s2              step 10500  fit 2.3530  val 2.3404  density 0.5353  932s
ctx_T20_pow2_s2              step 11000  fit 2.3324  val 2.3239  density 0.5359  976s
ctx_T20_pow2_s2              step 11500  fit 2.3040  val 2.2950  density 0.5350  1019s
ctx_T20_pow2_s2              step 12000  fit 2.2080  val 2.2259  density 0.5360  1063s
FINAL ctx_T20_pow2_s2          fit 2.2175  val 2.2206  (uniform 4.1589)  nnz 54882/102400 = 0.5360
